Component: ARM Compiler 5.06 update 2 (build 183) Tool: armlink [4d35b7]

==============================================================================

Section Cross References

    system_stm32f4xx.o(i.SystemCoreClockUpdate) refers to system_stm32f4xx.o(.data) for .data
    system_stm32f4xx.o(i.SystemCoreClockUpdate) refers to system_stm32f4xx.o(.constdata) for .constdata
    stm32f4xx_hal_tim_ex.o(i.HAL_TIMEx_ConfigCommutationEvent_DMA) refers to stm32f4xx_hal_tim_ex.o(i.TIMEx_DMACommutationCplt) for TIMEx_DMACommutationCplt
    stm32f4xx_hal_tim_ex.o(i.HAL_TIMEx_ConfigCommutationEvent_DMA) refers to stm32f4xx_hal_tim.o(i.TIM_DMAError) for TIM_DMAError
    stm32f4xx_hal_tim_ex.o(i.HAL_TIMEx_HallSensor_DeInit) refers to stm32f4xx_hal_tim_ex.o(i.HAL_TIMEx_HallSensor_MspDeInit) for HAL_TIMEx_HallSensor_MspDeInit
    stm32f4xx_hal_tim_ex.o(i.HAL_TIMEx_HallSensor_Init) refers to stm32f4xx_hal_tim_ex.o(i.HAL_TIMEx_HallSensor_MspInit) for HAL_TIMEx_HallSensor_MspInit
    stm32f4xx_hal_tim_ex.o(i.HAL_TIMEx_HallSensor_Init) refers to stm32f4xx_hal_tim.o(i.TIM_Base_SetConfig) for TIM_Base_SetConfig
    stm32f4xx_hal_tim_ex.o(i.HAL_TIMEx_HallSensor_Init) refers to stm32f4xx_hal_tim.o(i.TIM_TI1_SetConfig) for TIM_TI1_SetConfig
    stm32f4xx_hal_tim_ex.o(i.HAL_TIMEx_HallSensor_Init) refers to stm32f4xx_hal_tim.o(i.TIM_OC2_SetConfig) for TIM_OC2_SetConfig
    stm32f4xx_hal_tim_ex.o(i.HAL_TIMEx_HallSensor_Start) refers to stm32f4xx_hal_tim.o(i.TIM_CCxChannelCmd) for TIM_CCxChannelCmd
    stm32f4xx_hal_tim_ex.o(i.HAL_TIMEx_HallSensor_Start_DMA) refers to stm32f4xx_hal_tim.o(i.TIM_CCxChannelCmd) for TIM_CCxChannelCmd
    stm32f4xx_hal_tim_ex.o(i.HAL_TIMEx_HallSensor_Start_DMA) refers to stm32f4xx_hal_dma.o(i.HAL_DMA_Start_IT) for HAL_DMA_Start_IT
    stm32f4xx_hal_tim_ex.o(i.HAL_TIMEx_HallSensor_Start_DMA) refers to stm32f4xx_hal_tim.o(i.TIM_DMACaptureCplt) for TIM_DMACaptureCplt
    stm32f4xx_hal_tim_ex.o(i.HAL_TIMEx_HallSensor_Start_DMA) refers to stm32f4xx_hal_tim.o(i.TIM_DMAError) for TIM_DMAError
    stm32f4xx_hal_tim_ex.o(i.HAL_TIMEx_HallSensor_Start_IT) refers to stm32f4xx_hal_tim.o(i.TIM_CCxChannelCmd) for TIM_CCxChannelCmd
    stm32f4xx_hal_tim_ex.o(i.HAL_TIMEx_HallSensor_Stop) refers to stm32f4xx_hal_tim.o(i.TIM_CCxChannelCmd) for TIM_CCxChannelCmd
    stm32f4xx_hal_tim_ex.o(i.HAL_TIMEx_HallSensor_Stop_DMA) refers to stm32f4xx_hal_tim.o(i.TIM_CCxChannelCmd) for TIM_CCxChannelCmd
    stm32f4xx_hal_tim_ex.o(i.HAL_TIMEx_HallSensor_Stop_IT) refers to stm32f4xx_hal_tim.o(i.TIM_CCxChannelCmd) for TIM_CCxChannelCmd
    stm32f4xx_hal_tim_ex.o(i.HAL_TIMEx_OCN_Start) refers to stm32f4xx_hal_tim_ex.o(i.TIM_CCxNChannelCmd) for TIM_CCxNChannelCmd
    stm32f4xx_hal_tim_ex.o(i.HAL_TIMEx_OCN_Start_DMA) refers to stm32f4xx_hal_dma.o(i.HAL_DMA_Start_IT) for HAL_DMA_Start_IT
    stm32f4xx_hal_tim_ex.o(i.HAL_TIMEx_OCN_Start_DMA) refers to stm32f4xx_hal_tim_ex.o(i.TIM_CCxNChannelCmd) for TIM_CCxNChannelCmd
    stm32f4xx_hal_tim_ex.o(i.HAL_TIMEx_OCN_Start_DMA) refers to stm32f4xx_hal_tim.o(i.TIM_DMADelayPulseCplt) for TIM_DMADelayPulseCplt
    stm32f4xx_hal_tim_ex.o(i.HAL_TIMEx_OCN_Start_DMA) refers to stm32f4xx_hal_tim.o(i.TIM_DMAError) for TIM_DMAError
    stm32f4xx_hal_tim_ex.o(i.HAL_TIMEx_OCN_Start_IT) refers to stm32f4xx_hal_tim_ex.o(i.TIM_CCxNChannelCmd) for TIM_CCxNChannelCmd
    stm32f4xx_hal_tim_ex.o(i.HAL_TIMEx_OCN_Stop) refers to stm32f4xx_hal_tim_ex.o(i.TIM_CCxNChannelCmd) for TIM_CCxNChannelCmd
    stm32f4xx_hal_tim_ex.o(i.HAL_TIMEx_OCN_Stop_DMA) refers to stm32f4xx_hal_tim_ex.o(i.TIM_CCxNChannelCmd) for TIM_CCxNChannelCmd
    stm32f4xx_hal_tim_ex.o(i.HAL_TIMEx_OCN_Stop_IT) refers to stm32f4xx_hal_tim_ex.o(i.TIM_CCxNChannelCmd) for TIM_CCxNChannelCmd
    stm32f4xx_hal_tim_ex.o(i.HAL_TIMEx_OnePulseN_Start) refers to stm32f4xx_hal_tim_ex.o(i.TIM_CCxNChannelCmd) for TIM_CCxNChannelCmd
    stm32f4xx_hal_tim_ex.o(i.HAL_TIMEx_OnePulseN_Start_IT) refers to stm32f4xx_hal_tim_ex.o(i.TIM_CCxNChannelCmd) for TIM_CCxNChannelCmd
    stm32f4xx_hal_tim_ex.o(i.HAL_TIMEx_OnePulseN_Stop) refers to stm32f4xx_hal_tim_ex.o(i.TIM_CCxNChannelCmd) for TIM_CCxNChannelCmd
    stm32f4xx_hal_tim_ex.o(i.HAL_TIMEx_OnePulseN_Stop_IT) refers to stm32f4xx_hal_tim_ex.o(i.TIM_CCxNChannelCmd) for TIM_CCxNChannelCmd
    stm32f4xx_hal_tim_ex.o(i.HAL_TIMEx_PWMN_Start) refers to stm32f4xx_hal_tim_ex.o(i.TIM_CCxNChannelCmd) for TIM_CCxNChannelCmd
    stm32f4xx_hal_tim_ex.o(i.HAL_TIMEx_PWMN_Start_DMA) refers to stm32f4xx_hal_dma.o(i.HAL_DMA_Start_IT) for HAL_DMA_Start_IT
    stm32f4xx_hal_tim_ex.o(i.HAL_TIMEx_PWMN_Start_DMA) refers to stm32f4xx_hal_tim_ex.o(i.TIM_CCxNChannelCmd) for TIM_CCxNChannelCmd
    stm32f4xx_hal_tim_ex.o(i.HAL_TIMEx_PWMN_Start_DMA) refers to stm32f4xx_hal_tim.o(i.TIM_DMADelayPulseCplt) for TIM_DMADelayPulseCplt
    stm32f4xx_hal_tim_ex.o(i.HAL_TIMEx_PWMN_Start_DMA) refers to stm32f4xx_hal_tim.o(i.TIM_DMAError) for TIM_DMAError
[...]
    Removing stm32f4xx_ll_fmc.o(i.FMC_NORSRAM_WriteOperation_Enable), (16 bytes).
    Removing stm32f4xx_ll_fmc.o(i.FMC_PCCARD_AttributeSpace_Timing_Init), (28 bytes).
    Removing stm32f4xx_ll_fmc.o(i.FMC_PCCARD_CommonSpace_Timing_Init), (28 bytes).
    Removing stm32f4xx_ll_fmc.o(i.FMC_PCCARD_DeInit), (30 bytes).
    Removing stm32f4xx_ll_fmc.o(i.FMC_PCCARD_IOSpace_Timing_Init), (28 bytes).
    Removing stm32f4xx_ll_fmc.o(i.FMC_PCCARD_Init), (40 bytes).
    Removing stm32f4xx_ll_fmc.o(i.FMC_SDRAM_DeInit), (30 bytes).
    Removing stm32f4xx_ll_fmc.o(i.FMC_SDRAM_GetModeStatus), (18 bytes).
    Removing stm32f4xx_ll_fmc.o(i.FMC_SDRAM_SetAutoRefreshNumber), (12 bytes).
    Removing stm32f4xx_ll_fmc.o(i.FMC_SDRAM_WriteProtection_Disable), (16 bytes).
    Removing stm32f4xx_ll_fmc.o(i.FMC_SDRAM_WriteProtection_Enable), (16 bytes).
    Removing stm32f4xx_hal_pwr_ex.o(.rev16_text), (4 bytes).
    Removing stm32f4xx_hal_pwr_ex.o(.revsh_text), (4 bytes).
    Removing stm32f4xx_hal_pwr_ex.o(.rrx_text), (6 bytes).
    Removing stm32f4xx_hal_pwr_ex.o(i.HAL_PWREx_ControlVoltageScaling), (176 bytes).
    Removing stm32f4xx_hal_pwr_ex.o(i.HAL_PWREx_DisableBkUpReg), (76 bytes).
    Removing stm32f4xx_hal_pwr_ex.o(i.HAL_PWREx_DisableFlashPowerDown), (28 bytes).
    Removing stm32f4xx_hal_pwr_ex.o(i.HAL_PWREx_DisableOverDrive), (140 bytes).
    Removing stm32f4xx_hal_pwr_ex.o(i.HAL_PWREx_EnableBkUpReg), (76 bytes).
    Removing stm32f4xx_hal_pwr_ex.o(i.HAL_PWREx_EnableFlashPowerDown), (24 bytes).
    Removing stm32f4xx_hal_pwr_ex.o(i.HAL_PWREx_EnableOverDrive), (140 bytes).
    Removing stm32f4xx_hal_pwr_ex.o(i.HAL_PWREx_EnterUnderDriveSTOPMode), (140 bytes).
    Removing stm32f4xx_hal_pwr_ex.o(i.HAL_PWREx_GetVoltageRange), (16 bytes).
    Removing stm32f4xx_hal_sai.o(.rev16_text), (4 bytes).
    Removing stm32f4xx_hal_sai.o(.revsh_text), (4 bytes).
    Removing stm32f4xx_hal_sai.o(.rrx_text), (6 bytes).
    Removing stm32f4xx_hal_sai.o(i.HAL_SAI_Abort), (104 bytes).
    Removing stm32f4xx_hal_sai.o(i.HAL_SAI_DMAPause), (38 bytes).
    Removing stm32f4xx_hal_sai.o(i.HAL_SAI_DMAResume), (54 bytes).
    Removing stm32f4xx_hal_sai.o(i.HAL_SAI_DMAStop), (76 bytes).
    Removing stm32f4xx_hal_sai.o(i.HAL_SAI_DeInit), (66 bytes).
    Removing stm32f4xx_hal_sai.o(i.HAL_SAI_DisableRxMuteMode), (28 bytes).
    Removing stm32f4xx_hal_sai.o(i.HAL_SAI_DisableTxMuteMode), (24 bytes).
    Removing stm32f4xx_hal_sai.o(i.HAL_SAI_EnableRxMuteMode), (60 bytes).
    Removing stm32f4xx_hal_sai.o(i.HAL_SAI_EnableTxMuteMode), (36 bytes).
    Removing stm32f4xx_hal_sai.o(i.HAL_SAI_ErrorCallback), (2 bytes).
    Removing stm32f4xx_hal_sai.o(i.HAL_SAI_GetError), (6 bytes).
    Removing stm32f4xx_hal_sai.o(i.HAL_SAI_GetState), (6 bytes).
    Removing stm32f4xx_hal_sai.o(i.HAL_SAI_IRQHandler), (272 bytes).
    Removing stm32f4xx_hal_sai.o(i.HAL_SAI_InitProtocol), (50 bytes).
    Removing stm32f4xx_hal_sai.o(i.HAL_SAI_MspDeInit), (2 bytes).
    Removing stm32f4xx_hal_sai.o(i.HAL_SAI_MspInit), (2 bytes).
    Removing stm32f4xx_hal_sai.o(i.HAL_SAI_Receive), (258 bytes).
    Removing stm32f4xx_hal_sai.o(i.HAL_SAI_Receive_IT), (144 bytes).
    Removing stm32f4xx_hal_sai.o(i.HAL_SAI_RxCpltCallback), (2 bytes).
    Removing stm32f4xx_hal_sai.o(i.HAL_SAI_RxHalfCpltCallback), (2 bytes).
    Removing stm32f4xx_hal_sai.o(i.HAL_SAI_Transmit), (268 bytes).
    Removing stm32f4xx_hal_sai.o(i.HAL_SAI_Transmit_IT), (148 bytes).
    Removing stm32f4xx_hal_sai.o(i.SAI_DMAAbort), (68 bytes).
    Removing stm32f4xx_hal_sai.o(i.SAI_FillFifo), (86 bytes).
    Removing stm32f4xx_hal_sai.o(i.SAI_InitI2S), (164 bytes).
    Removing stm32f4xx_hal_sai.o(i.SAI_InitPCM), (116 bytes).
    Removing stm32f4xx_hal_sai.o(i.SAI_Receive_IT16Bit), (70 bytes).
    Removing stm32f4xx_hal_sai.o(i.SAI_Receive_IT32Bit), (70 bytes).
    Removing stm32f4xx_hal_sai.o(i.SAI_Receive_IT8Bit), (68 bytes).
    Removing stm32f4xx_hal_sai.o(i.SAI_Transmit_IT16Bit), (68 bytes).
    Removing stm32f4xx_hal_sai.o(i.SAI_Transmit_IT32Bit), (68 bytes).
    Removing stm32f4xx_hal_sai.o(i.SAI_Transmit_IT8Bit), (66 bytes).
    Removing stm32f4xx_hal_pwr.o(.rev16_text), (4 bytes).
    Removing stm32f4xx_hal_pwr.o(.revsh_text), (4 bytes).
    Removing stm32f4xx_hal_pwr.o(.rrx_text), (6 bytes).
    Removing stm32f4xx_hal_pwr.o(i.HAL_PWR_ConfigPVD), (124 bytes).
    Removing stm32f4xx_hal_pwr.o(i.HAL_PWR_DeInit), (24 bytes).
    Removing stm32f4xx_hal_pwr.o(i.HAL_PWR_DisableBkUpAccess), (28 bytes).
    Removing stm32f4xx_hal_pwr.o(i.HAL_PWR_DisablePVD), (24 bytes).
    Removing stm32f4xx_hal_pwr.o(i.HAL_PWR_DisableSEVOnPend), (16 bytes).
    Removing stm32f4xx_hal_pwr.o(i.HAL_PWR_DisableSleepOnExit), (16 bytes).
    Removing stm32f4xx_hal_pwr.o(i.HAL_PWR_DisableWakeUpPin), (16 bytes).
    Removing stm32f4xx_hal_pwr.o(i.HAL_PWR_EnableBkUpAccess), (24 bytes).
    Removing stm32f4xx_hal_pwr.o(i.HAL_PWR_EnablePVD), (24 bytes).
    Removing stm32f4xx_hal_pwr.o(i.HAL_PWR_EnableSEVOnPend), (16 bytes).
    Removing stm32f4xx_hal_pwr.o(i.HAL_PWR_EnableSleepOnExit), (16 bytes).
    Removing stm32f4xx_hal_pwr.o(i.HAL_PWR_EnableWakeUpPin), (16 bytes).
    Removing stm32f4xx_hal_pwr.o(i.HAL_PWR_EnterSLEEPMode), (32 bytes).
    Removing stm32f4xx_hal_pwr.o(i.HAL_PWR_EnterSTANDBYMode), (32 bytes).
    Removing stm32f4xx_hal_pwr.o(i.HAL_PWR_EnterSTOPMode), (56 bytes).
    Removing stm32f4xx_hal_pwr.o(i.HAL_PWR_PVDCallback), (2 bytes).
    Removing stm32f4xx_hal_pwr.o(i.HAL_PWR_PVD_IRQHandler), (28 bytes).
    Removing stm32f4xx_hal_adc.o(.rev16_text), (4 bytes).
    Removing stm32f4xx_hal_adc.o(.revsh_text), (4 bytes).
    Removing stm32f4xx_hal_adc.o(.rrx_text), (6 bytes).
    Removing stm32f4xx_hal_adc.o(i.HAL_ADC_AnalogWDGConfig), (112 bytes).
    Removing stm32f4xx_hal_adc.o(i.HAL_ADC_DeInit), (60 bytes).
    Removing stm32f4xx_hal_adc.o(i.HAL_ADC_GetError), (4 bytes).
    Removing stm32f4xx_hal_adc.o(i.HAL_ADC_GetState), (4 bytes).
    Removing stm32f4xx_hal_adc.o(i.HAL_ADC_GetValue), (6 bytes).
    Removing stm32f4xx_hal_adc.o(i.HAL_ADC_IRQHandler), (316 bytes).
    Removing stm32f4xx_hal_adc.o(i.HAL_ADC_LevelOutOfWindowCallback), (2 bytes).
    Removing stm32f4xx_hal_adc.o(i.HAL_ADC_MspDeInit), (2 bytes).
    Removing stm32f4xx_hal_adc.o(i.HAL_ADC_MspInit), (2 bytes).
    Removing stm32f4xx_hal_adc.o(i.HAL_ADC_PollForConversion), (162 bytes).
    Removing stm32f4xx_hal_adc.o(i.HAL_ADC_PollForEvent), (108 bytes).
    Removing stm32f4xx_hal_adc.o(i.HAL_ADC_Start_IT), (196 bytes).
    Removing stm32f4xx_hal_adc.o(i.HAL_ADC_Stop), (60 bytes).
    Removing stm32f4xx_hal_adc.o(i.HAL_ADC_Stop_DMA), (88 bytes).
    Removing stm32f4xx_hal_adc.o(i.HAL_ADC_Stop_IT), (72 bytes).
    Removing stm32f4xx_hal_gpio.o(.rev16_text), (4 bytes).
    Removing stm32f4xx_hal_gpio.o(.revsh_text), (4 bytes).
    Removing stm32f4xx_hal_gpio.o(.rrx_text), (6 bytes).
    Removing stm32f4xx_hal_gpio.o(i.HAL_GPIO_DeInit), (368 bytes).
    Removing stm32f4xx_hal_gpio.o(i.HAL_GPIO_EXTI_Callback), (2 bytes).
    Removing stm32f4xx_hal_gpio.o(i.HAL_GPIO_EXTI_IRQHandler), (24 bytes).
    Removing stm32f4xx_hal_gpio.o(i.HAL_GPIO_LockPin), (34 bytes).
    Removing stm32f4xx_hal_gpio.o(i.HAL_GPIO_ReadPin), (10 bytes).
    Removing stm32f4xx_hal_gpio.o(i.HAL_GPIO_TogglePin), (8 bytes).
    Removing stm32f4xx_hal_adc_ex.o(.rev16_text), (4 bytes).
    Removing stm32f4xx_hal_adc_ex.o(.revsh_text), (4 bytes).
    Removing stm32f4xx_hal_adc_ex.o(.rrx_text), (6 bytes).
    Removing stm32f4xx_hal_adc_ex.o(i.ADC_MultiModeDMAConvCplt), (90 bytes).
    Removing stm32f4xx_hal_adc_ex.o(i.ADC_MultiModeDMAError), (18 bytes).
    Removing stm32f4xx_hal_adc_ex.o(i.ADC_MultiModeDMAHalfConvCplt), (6 bytes).
    Removing stm32f4xx_hal_adc_ex.o(i.HAL_ADCEx_InjectedConfigChannel), (452 bytes).
    Removing stm32f4xx_hal_adc_ex.o(i.HAL_ADCEx_InjectedConvCpltCallback), (2 bytes).
    Removing stm32f4xx_hal_adc_ex.o(i.HAL_ADCEx_InjectedGetValue), (58 bytes).
    Removing stm32f4xx_hal_adc_ex.o(i.HAL_ADCEx_InjectedPollForConversion), (136 bytes).
    Removing stm32f4xx_hal_adc_ex.o(i.HAL_ADCEx_InjectedStart), (204 bytes).
    Removing stm32f4xx_hal_adc_ex.o(i.HAL_ADCEx_InjectedStart_IT), (204 bytes).
    Removing stm32f4xx_hal_adc_ex.o(i.HAL_ADCEx_InjectedStop), (86 bytes).
    Removing stm32f4xx_hal_adc_ex.o(i.HAL_ADCEx_InjectedStop_IT), (94 bytes).
    Removing stm32f4xx_hal_adc_ex.o(i.HAL_ADCEx_MultiModeConfigChannel), (108 bytes).
    Removing stm32f4xx_hal_adc_ex.o(i.HAL_ADCEx_MultiModeGetValue), (12 bytes).
    Removing stm32f4xx_hal_adc_ex.o(i.HAL_ADCEx_MultiModeStart_DMA), (256 bytes).
    Removing stm32f4xx_hal_adc_ex.o(i.HAL_ADCEx_MultiModeStop_DMA), (100 bytes).
    Removing stm32f4xx_hal.o(.rev16_text), (4 bytes).
    Removing stm32f4xx_hal.o(.revsh_text), (4 bytes).
    Removing stm32f4xx_hal.o(.rrx_text), (6 bytes).
    Removing stm32f4xx_hal.o(i.HAL_DBGMCU_DisableDBGSleepMode), (16 bytes).
    Removing stm32f4xx_hal.o(i.HAL_DBGMCU_DisableDBGStandbyMode), (16 bytes).
    Removing stm32f4xx_hal.o(i.HAL_DBGMCU_DisableDBGStopMode), (16 bytes).
    Removing stm32f4xx_hal.o(i.HAL_DBGMCU_EnableDBGSleepMode), (16 bytes).
    Removing stm32f4xx_hal.o(i.HAL_DBGMCU_EnableDBGStandbyMode), (16 bytes).
    Removing stm32f4xx_hal.o(i.HAL_DBGMCU_EnableDBGStopMode), (16 bytes).
    Removing stm32f4xx_hal.o(i.HAL_DeInit), (52 bytes).
    Removing stm32f4xx_hal.o(i.HAL_DisableCompensationCell), (28 bytes).
    Removing stm32f4xx_hal.o(i.HAL_DisableMemorySwappingBank), (28 bytes).
    Removing stm32f4xx_hal.o(i.HAL_EnableCompensationCell), (28 bytes).
    Removing stm32f4xx_hal.o(i.HAL_EnableMemorySwappingBank), (24 bytes).
    Removing stm32f4xx_hal.o(i.HAL_GetDEVID), (16 bytes).
    Removing stm32f4xx_hal.o(i.HAL_GetHalVersion), (8 bytes).
    Removing stm32f4xx_hal.o(i.HAL_GetREVID), (12 bytes).
    Removing stm32f4xx_hal.o(i.HAL_MspDeInit), (2 bytes).
    Removing stm32f4xx_hal.o(i.HAL_MspInit), (2 bytes).
    Removing stm32f4xx_hal.o(i.HAL_ResumeTick), (14 bytes).
    Removing stm32f4xx_hal.o(i.HAL_SuspendTick), (14 bytes).
    Removing stm32f4xx_hal_sai_ex.o(.rev16_text), (4 bytes).
    Removing stm32f4xx_hal_sai_ex.o(.revsh_text), (4 bytes).
    Removing stm32f4xx_hal_sai_ex.o(.rrx_text), (6 bytes).
    Removing stm32f4xx_hal_flash_ramfunc.o(.rev16_text), (4 bytes).
    Removing stm32f4xx_hal_flash_ramfunc.o(.revsh_text), (4 bytes).
    Removing stm32f4xx_hal_flash_ramfunc.o(.rrx_text), (6 bytes).
    Removing main.o(.rev16_text), (4 bytes).
    Removing main.o(.revsh_text), (4 bytes).
    Removing main.o(.rrx_text), (6 bytes).
    Removing stm32f4xx_hal_msp.o(.rev16_text), (4 bytes).
    Removing stm32f4xx_hal_msp.o(.revsh_text), (4 bytes).
    Removing stm32f4xx_hal_msp.o(.rrx_text), (6 bytes).
    Removing stm32f4xx_hal_msp.o(i.HAL_ADC_MspDeInit), (68 bytes).
    Removing stm32f4xx_hal_msp.o(i.HAL_DMA2D_MspDeInit), (28 bytes).
    Removing stm32f4xx_hal_msp.o(i.HAL_RNG_MspDeInit), (28 bytes).
    Removing stm32f4xx_hal_msp.o(i.HAL_SAI_MspDeInit), (140 bytes).
    Removing stm32f4xx_hal_msp.o(i.HAL_SDRAM_MspDeInit), (120 bytes).
    Removing stm32f4xx_hal_msp.o(i.HAL_SPI_MspDeInit), (100 bytes).
    Removing stm32f4xx_hal_msp.o(i.HAL_TIM_PWM_MspDeInit), (60 bytes).
    Removing stm32f4xx_hal_msp.o(i.HAL_UART_MspDeInit), (60 bytes).
    Removing stm32f4xx_it.o(.rev16_text), (4 bytes).
    Removing stm32f4xx_it.o(.revsh_text), (4 bytes).
    Removing stm32f4xx_it.o(.rrx_text), (6 bytes).
    Removing cs4272.o(.rev16_text), (4 bytes).
    Removing cs4272.o(.revsh_text), (4 bytes).
    Removing cs4272.o(.rrx_text), (6 bytes).
    Removing cs4272.o(i.NopDelay), (10 bytes).
    Removing cs4272.o(i.codec_bypass), (12 bytes).
    Removing hal_io.o(.rev16_text), (4 bytes).
    Removing hal_io.o(.revsh_text), (4 bytes).
    Removing hal_io.o(.rrx_text), (6 bytes).
    Removing hal_io.o(i.readCV_A), (20 bytes).
    Removing hal_io.o(i.readCV_B), (20 bytes).
    Removing hal_io.o(i.readCV_C), (20 bytes).
    Removing hal_io.o(i.readCV_D), (20 bytes).
    Removing test.o(.rev16_text), (4 bytes).
    Removing test.o(.revsh_text), (4 bytes).
    Removing test.o(.rrx_text), (6 bytes).
    Removing owl.o(.rev16_text), (4 bytes).
    Removing owl.o(.revsh_text), (4 bytes).
    Removing owl.o(.rrx_text), (6 bytes).
    Removing owl.o(.ARM.exidx), (8 bytes).
    Removing owl.o(.ARM.exidx), (8 bytes).
    Removing codec.o(.rev16_text), (4 bytes).
    Removing codec.o(.revsh_text), (4 bytes).
    Removing codec.o(.rrx_text), (6 bytes).
    Removing codec.o(i._ZN5Codec3setEj), (24 bytes).
    Removing codec.o(i._ZN5Codec4stopEv), (24 bytes).
    Removing codec.o(i._ZN5Codec4txrxEv), (36 bytes).
    Removing codec.o(i._ZN5Codec5clearEv), (6 bytes).
    Removing codec.o(i._ZN5Codec5resetEv), (60 bytes).
    Removing codec.o(i._ZN5Codec6bypassEb), (6 bytes).
    Removing codec.o(i._ZN5Codec6getAvgEv), (56 bytes).
    Removing codec.o(i._ZN5Codec6getMaxEv), (36 bytes).
    Removing codec.o(i._ZN5Codec6getMinEv), (36 bytes).
    Removing codec.o(.ARM.exidx), (8 bytes).
    Removing codec.o(.ARM.exidx), (8 bytes).
    Removing codec.o(.ARM.exidx), (8 bytes).
    Removing codec.o(.ARM.exidx), (8 bytes).
    Removing codec.o(.ARM.exidx), (8 bytes).
    Removing codec.o(.ARM.exidx), (8 bytes).
    Removing codec.o(.ARM.exidx), (8 bytes).
    Removing codec.o(.ARM.exidx), (8 bytes).
    Removing codec.o(.ARM.exidx), (8 bytes).
    Removing codec.o(.ARM.exidx), (8 bytes).
    Removing codec.o(.ARM.exidx), (8 bytes).
    Removing codec.o(.ARM.exidx), (8 bytes).
    Removing codec.o(.ARM.exidx), (8 bytes).
    Removing codec.o(.ARM.exidx), (8 bytes).
    Removing codec.o(.ARM.exidx), (8 bytes).
    Removing startup_stm32f427xx.o(HEAP), (512 bytes).

611 unused section(s) (total 36556 bytes) removed from the image.

==============================================================================

Image Symbol Table

    Local Symbols

    Symbol Name                              Value     Ov Type        Size  Object(Section)

    ../Drivers/CMSIS//Device/ST/STM32F4xx/Source/Templates/system_stm32f4xx.c 0x00000000   Number         0  system_stm32f4xx.o ABSOLUTE
    ../Drivers/STM32F4xx_HAL_Driver/Src/stm32f4xx_hal.c 0x00000000   Number         0  stm32f4xx_hal.o ABSOLUTE
    ../Drivers/STM32F4xx_HAL_Driver/Src/stm32f4xx_hal_adc.c 0x00000000   Number         0  stm32f4xx_hal_adc.o ABSOLUTE
    ../Drivers/STM32F4xx_HAL_Driver/Src/stm32f4xx_hal_adc_ex.c 0x00000000   Number         0  stm32f4xx_hal_adc_ex.o ABSOLUTE
    ../Drivers/STM32F4xx_HAL_Driver/Src/stm32f4xx_hal_cortex.c 0x00000000   Number         0  stm32f4xx_hal_cortex.o ABSOLUTE
    ../Drivers/STM32F4xx_HAL_Driver/Src/stm32f4xx_hal_dma.c 0x00000000   Number         0  stm32f4xx_hal_dma.o ABSOLUTE
    ../Drivers/STM32F4xx_HAL_Driver/Src/stm32f4xx_hal_dma2d.c 0x00000000   Number         0  stm32f4xx_hal_dma2d.o ABSOLUTE
    ../Drivers/STM32F4xx_HAL_Driver/Src/stm32f4xx_hal_dma_ex.c 0x00000000   Number         0  stm32f4xx_hal_dma_ex.o ABSOLUTE
    ../Drivers/STM32F4xx_HAL_Driver/Src/stm32f4xx_hal_flash.c 0x00000000   Number         0  stm32f4xx_hal_flash.o ABSOLUTE
    ../Drivers/STM32F4xx_HAL_Driver/Src/stm32f4xx_hal_flash_ex.c 0x00000000   Number         0  stm32f4xx_hal_flash_ex.o ABSOLUTE
    ../Drivers/STM32F4xx_HAL_Driver/Src/stm32f4xx_hal_flash_ramfunc.c 0x00000000   Number         0  stm32f4xx_hal_flash_ramfunc.o ABSOLUTE
    ../Drivers/STM32F4xx_HAL_Driver/Src/stm32f4xx_hal_gpio.c 0x00000000   Number         0  stm32f4xx_hal_gpio.o ABSOLUTE
    ../Drivers/STM32F4xx_HAL_Driver/Src/stm32f4xx_hal_pwr.c 0x00000000   Number         0  stm32f4xx_hal_pwr.o ABSOLUTE
    ../Drivers/STM32F4xx_HAL_Driver/Src/stm32f4xx_hal_pwr_ex.c 0x00000000   Number         0  stm32f4xx_hal_pwr_ex.o ABSOLUTE
    ../Drivers/STM32F4xx_HAL_Driver/Src/stm32f4xx_hal_rcc.c 0x00000000   Number         0  stm32f4xx_hal_rcc.o ABSOLUTE
    ../Drivers/STM32F4xx_HAL_Driver/Src/stm32f4xx_hal_rcc_ex.c 0x00000000   Number         0  stm32f4xx_hal_rcc_ex.o ABSOLUTE
    ../Drivers/STM32F4xx_HAL_Driver/Src/stm32f4xx_hal_rng.c 0x00000000   Number         0  stm32f4xx_hal_rng.o ABSOLUTE
    ../Drivers/STM32F4xx_HAL_Driver/Src/stm32f4xx_hal_sai.c 0x00000000   Number         0  stm32f4xx_hal_sai.o ABSOLUTE
    ../Drivers/STM32F4xx_HAL_Driver/Src/stm32f4xx_hal_sai_ex.c 0x00000000   Number         0  stm32f4xx_hal_sai_ex.o ABSOLUTE
    ../Drivers/STM32F4xx_HAL_Driver/Src/stm32f4xx_hal_sdram.c 0x00000000   Number         0  stm32f4xx_hal_sdram.o ABSOLUTE
    ../Drivers/STM32F4xx_HAL_Driver/Src/stm32f4xx_hal_spi.c 0x00000000   Number         0  stm32f4xx_hal_spi.o ABSOLUTE
    ../Drivers/STM32F4xx_HAL_Driver/Src/stm32f4xx_hal_tim.c 0x00000000   Number         0  stm32f4xx_hal_tim.o ABSOLUTE
    ../Drivers/STM32F4xx_HAL_Driver/Src/stm32f4xx_hal_tim_ex.c 0x00000000   Number         0  stm32f4xx_hal_tim_ex.o ABSOLUTE
    ../Drivers/STM32F4xx_HAL_Driver/Src/stm32f4xx_hal_uart.c 0x00000000   Number         0  stm32f4xx_hal_uart.o ABSOLUTE
    ../Drivers/STM32F4xx_HAL_Driver/Src/stm32f4xx_ll_fmc.c 0x00000000   Number         0  stm32f4xx_ll_fmc.o ABSOLUTE
    ../Src/main.c                            0x00000000   Number         0  main.o ABSOLUTE
    ../Src/stm32f4xx_hal_msp.c               0x00000000   Number         0  stm32f4xx_hal_msp.o ABSOLUTE
    ../Src/stm32f4xx_it.c                    0x00000000   Number         0  stm32f4xx_it.o ABSOLUTE
    ../clib/microlib/init/entry.s            0x00000000   Number         0  entry10a.o ABSOLUTE
    ../clib/microlib/init/entry.s            0x00000000   Number         0  entry10b.o ABSOLUTE
    ../clib/microlib/init/entry.s            0x00000000   Number         0  entry9b.o ABSOLUTE
    ../clib/microlib/init/entry.s            0x00000000   Number         0  entry11a.o ABSOLUTE
    ../clib/microlib/init/entry.s            0x00000000   Number         0  entry11b.o ABSOLUTE
    ../clib/microlib/init/entry.s            0x00000000   Number         0  entry8b.o ABSOLUTE
    ../clib/microlib/init/entry.s            0x00000000   Number         0  entry8a.o ABSOLUTE
    ../clib/microlib/init/entry.s            0x00000000   Number         0  entry7b.o ABSOLUTE
    ../clib/microlib/init/entry.s            0x00000000   Number         0  entry7a.o ABSOLUTE
    ../clib/microlib/init/entry.s            0x00000000   Number         0  entry5.o ABSOLUTE
    ../clib/microlib/init/entry.s            0x00000000   Number         0  entry9a.o ABSOLUTE
    ../clib/microlib/init/entry.s            0x00000000   Number         0  entry.o ABSOLUTE
    ../clib/microlib/init/entry.s            0x00000000   Number         0  entry2.o ABSOLUTE
    ../clib/microlib/string/memcpy.c         0x00000000   Number         0  memcpya.o ABSOLUTE
    ../clib/microlib/string/memcpy.c         0x00000000   Number         0  memcpyb.o ABSOLUTE
    ..\Drivers\CMSIS\\Device\ST\STM32F4xx\Source\Templates\system_stm32f4xx.c 0x00000000   Number         0  system_stm32f4xx.o ABSOLUTE
    ..\Drivers\STM32F4xx_HAL_Driver\Src\stm32f4xx_hal.c 0x00000000   Number         0  stm32f4xx_hal.o ABSOLUTE
    ..\Drivers\STM32F4xx_HAL_Driver\Src\stm32f4xx_hal_adc.c 0x00000000   Number         0  stm32f4xx_hal_adc.o ABSOLUTE
    ..\Drivers\STM32F4xx_HAL_Driver\Src\stm32f4xx_hal_adc_ex.c 0x00000000   Number         0  stm32f4xx_hal_adc_ex.o ABSOLUTE
    ..\Drivers\STM32F4xx_HAL_Driver\Src\stm32f4xx_hal_cortex.c 0x00000000   Number         0  stm32f4xx_hal_cortex.o ABSOLUTE
    ..\Drivers\STM32F4xx_HAL_Driver\Src\stm32f4xx_hal_dma.c 0x00000000   Number         0  stm32f4xx_hal_dma.o ABSOLUTE
    ..\Drivers\STM32F4xx_HAL_Driver\Src\stm32f4xx_hal_dma2d.c 0x00000000   Number         0  stm32f4xx_hal_dma2d.o ABSOLUTE
    ..\Drivers\STM32F4xx_HAL_Driver\Src\stm32f4xx_hal_dma_ex.c 0x00000000   Number         0  stm32f4xx_hal_dma_ex.o ABSOLUTE
    ..\Drivers\STM32F4xx_HAL_Driver\Src\stm32f4xx_hal_flash.c 0x00000000   Number         0  stm32f4xx_hal_flash.o ABSOLUTE
    ..\Drivers\STM32F4xx_HAL_Driver\Src\stm32f4xx_hal_flash_ex.c 0x00000000   Number         0  stm32f4xx_hal_flash_ex.o ABSOLUTE
    ..\Drivers\STM32F4xx_HAL_Driver\Src\stm32f4xx_hal_flash_ramfunc.c 0x00000000   Number         0  stm32f4xx_hal_flash_ramfunc.o ABSOLUTE
    ..\Drivers\STM32F4xx_HAL_Driver\Src\stm32f4xx_hal_gpio.c 0x00000000   Number         0  stm32f4xx_hal_gpio.o ABSOLUTE
    ..\Drivers\STM32F4xx_HAL_Driver\Src\stm32f4xx_hal_pwr.c 0x00000000   Number         0  stm32f4xx_hal_pwr.o ABSOLUTE
    ..\Drivers\STM32F4xx_HAL_Driver\Src\stm32f4xx_hal_pwr_ex.c 0x00000000   Number         0  stm32f4xx_hal_pwr_ex.o ABSOLUTE
    ..\Drivers\STM32F4xx_HAL_Driver\Src\stm32f4xx_hal_rcc.c 0x00000000   Number         0  stm32f4xx_hal_rcc.o ABSOLUTE
    ..\Drivers\STM32F4xx_HAL_Driver\Src\stm32f4xx_hal_rcc_ex.c 0x00000000   Number         0  stm32f4xx_hal_rcc_ex.o ABSOLUTE
    ..\Drivers\STM32F4xx_HAL_Driver\Src\stm32f4xx_hal_rng.c 0x00000000   Number         0  stm32f4xx_hal_rng.o ABSOLUTE
    ..\Drivers\STM32F4xx_HAL_Driver\Src\stm32f4xx_hal_sai.c 0x00000000   Number         0  stm32f4xx_hal_sai.o ABSOLUTE
    ..\Drivers\STM32F4xx_HAL_Driver\Src\stm32f4xx_hal_sai_ex.c 0x00000000   Number         0  stm32f4xx_hal_sai_ex.o ABSOLUTE
    ..\Drivers\STM32F4xx_HAL_Driver\Src\stm32f4xx_hal_sdram.c 0x00000000   Number         0  stm32f4xx_hal_sdram.o ABSOLUTE
    ..\Drivers\STM32F4xx_HAL_Driver\Src\stm32f4xx_hal_spi.c 0x00000000   Number         0  stm32f4xx_hal_spi.o ABSOLUTE
    ..\Drivers\STM32F4xx_HAL_Driver\Src\stm32f4xx_hal_tim.c 0x00000000   Number         0  stm32f4xx_hal_tim.o ABSOLUTE
    ..\Drivers\STM32F4xx_HAL_Driver\Src\stm32f4xx_hal_tim_ex.c 0x00000000   Number         0  stm32f4xx_hal_tim_ex.o ABSOLUTE
    ..\Drivers\STM32F4xx_HAL_Driver\Src\stm32f4xx_hal_uart.c 0x00000000   Number         0  stm32f4xx_hal_uart.o ABSOLUTE
    ..\Drivers\STM32F4xx_HAL_Driver\Src\stm32f4xx_ll_fmc.c 0x00000000   Number         0  stm32f4xx_ll_fmc.o ABSOLUTE
    ..\Src\Codec.cpp                         0x00000000   Number         0  codec.o ABSOLUTE
    ..\Src\HAL_IO.c                          0x00000000   Number         0  hal_io.o ABSOLUTE
    ..\Src\Owl.cpp                           0x00000000   Number         0  owl.o ABSOLUTE
    ..\Src\cs4272.c                          0x00000000   Number         0  cs4272.o ABSOLUTE
    ..\Src\main.c                            0x00000000   Number         0  main.o ABSOLUTE
    ..\Src\stm32f4xx_hal_msp.c               0x00000000   Number         0  stm32f4xx_hal_msp.o ABSOLUTE
    ..\Src\stm32f4xx_it.c                    0x00000000   Number         0  stm32f4xx_it.o ABSOLUTE
    ..\Src\test.c                            0x00000000   Number         0  test.o ABSOLUTE
    ..\\Src\\Codec.cpp                       0x00000000   Number         0  codec.o ABSOLUTE
    ..\\Src\\HAL_IO.c                        0x00000000   Number         0  hal_io.o ABSOLUTE
    ..\\Src\\Owl.cpp                         0x00000000   Number         0  owl.o ABSOLUTE
    ..\\Src\\cs4272.c                        0x00000000   Number         0  cs4272.o ABSOLUTE
    ..\\Src\\test.c                          0x00000000   Number         0  test.o ABSOLUTE
    dc.s                                     0x00000000   Number         0  dc.o ABSOLUTE
    handlers.s                               0x00000000   Number         0  handlers.o ABSOLUTE
    init.s                                   0x00000000   Number         0  init.o ABSOLUTE
    startup_stm32f427xx.s                    0x00000000   Number         0  startup_stm32f427xx.o ABSOLUTE
    RESET                                    0x08000000   Section      428  startup_stm32f427xx.o(RESET)
    .ARM.Collect$$$$00000000                 0x080001ac   Section        0  entry.o(.ARM.Collect$$$$00000000)
    .ARM.Collect$$$$00000001                 0x080001ac   Section        4  entry2.o(.ARM.Collect$$$$00000001)
    .ARM.Collect$$$$00000004                 0x080001b0   Section        4  entry5.o(.ARM.Collect$$$$00000004)
    .ARM.Collect$$$$00000008                 0x080001b4   Section        0  entry7b.o(.ARM.Collect$$$$00000008)
    .ARM.Collect$$$$0000000A                 0x080001b4   Section        0  entry8b.o(.ARM.Collect$$$$0000000A)
    .ARM.Collect$$$$0000000B                 0x080001b4   Section        8  entry9a.o(.ARM.Collect$$$$0000000B)
    .ARM.Collect$$$$0000000D                 0x080001bc   Section        0  entry10a.o(.ARM.Collect$$$$0000000D)
    .ARM.Collect$$$$0000000F                 0x080001bc   Section        0  entry11a.o(.ARM.Collect$$$$0000000F)
    .ARM.Collect$$$$00002712                 0x080001bc   Section        4  entry2.o(.ARM.Collect$$$$00002712)
    __lit__00000000                          0x080001bc   Data           4  entry2.o(.ARM.Collect$$$$00002712)
    .text                                    0x080001c0   Section       36  startup_stm32f427xx.o(.text)
    $v0                                      0x080001c0   Number         0  startup_stm32f427xx.o(.text)
    .text                                    0x080001e4   Section        0  memcpya.o(.text)
    .text                                    0x08000208   Section       36  init.o(.text)
    i.ADC_DMAConvCplt                        0x0800022c   Section        0  stm32f4xx_hal_adc.o(i.ADC_DMAConvCplt)
    ADC_DMAConvCplt                          0x0800022d   Thumb Code    98  stm32f4xx_hal_adc.o(i.ADC_DMAConvCplt)
    i.ADC_DMAError                           0x0800028e   Section        0  stm32f4xx_hal_adc.o(i.ADC_DMAError)
    ADC_DMAError                             0x0800028f   Thumb Code    22  stm32f4xx_hal_adc.o(i.ADC_DMAError)
    i.ADC_DMAHalfConvCplt                    0x080002a4   Section        0  stm32f4xx_hal_adc.o(i.ADC_DMAHalfConvCplt)
    ADC_DMAHalfConvCplt                      0x080002a5   Thumb Code    10  stm32f4xx_hal_adc.o(i.ADC_DMAHalfConvCplt)
    i.ADC_Init                               0x080002b0   Section        0  stm32f4xx_hal_adc.o(i.ADC_Init)
    ADC_Init                                 0x080002b1   Thumb Code   300  stm32f4xx_hal_adc.o(i.ADC_Init)
    i.CV_init                                0x080003e4   Section        0  hal_io.o(i.CV_init)
    i.Codec_setup                            0x08000404   Section        0  owl.o(i.Codec_setup)
    i.DMA2_Stream0_IRQHandler                0x0800042c   Section        0  stm32f4xx_it.o(i.DMA2_Stream0_IRQHandler)
    i.DMA2_Stream1_IRQHandler                0x08000438   Section        0  stm32f4xx_it.o(i.DMA2_Stream1_IRQHandler)
    i.DMA2_Stream4_IRQHandler                0x080004f8   Section        0  stm32f4xx_it.o(i.DMA2_Stream4_IRQHandler)
    i.DMA_CalcBaseAndBitshift                0x080005b4   Section        0  stm32f4xx_hal_dma.o(i.DMA_CalcBaseAndBitshift)
    DMA_CalcBaseAndBitshift                  0x080005b5   Thumb Code    34  stm32f4xx_hal_dma.o(i.DMA_CalcBaseAndBitshift)
    i.DMA_CheckFifoParam                     0x080005dc   Section        0  stm32f4xx_hal_dma.o(i.DMA_CheckFifoParam)
    DMA_CheckFifoParam                       0x080005dd   Thumb Code    84  stm32f4xx_hal_dma.o(i.DMA_CheckFifoParam)
    i.DMA_SetConfig                          0x08000630   Section        0  stm32f4xx_hal_dma.o(i.DMA_SetConfig)
    DMA_SetConfig                            0x08000631   Thumb Code    40  stm32f4xx_hal_dma.o(i.DMA_SetConfig)
    i.Error_Handler                          0x08000658   Section        0  main.o(i.Error_Handler)
    i.FMC_SDRAM_Init                         0x0800065a   Section        0  stm32f4xx_ll_fmc.o(i.FMC_SDRAM_Init)
    i.FMC_SDRAM_ProgramRefreshRate           0x080006aa   Section        0  stm32f4xx_ll_fmc.o(i.FMC_SDRAM_ProgramRefreshRate)
    i.FMC_SDRAM_SendCommand                  0x080006b6   Section        0  stm32f4xx_ll_fmc.o(i.FMC_SDRAM_SendCommand)
    i.FMC_SDRAM_Timing_Init                  0x08000700   Section        0  stm32f4xx_ll_fmc.o(i.FMC_SDRAM_Timing_Init)
    i.HAL_ADC_ConfigChannel                  0x08000780   Section        0  stm32f4xx_hal_adc.o(i.HAL_ADC_ConfigChannel)
    i.HAL_ADC_ConvCpltCallback               0x080008d4   Section        0  stm32f4xx_hal_adc.o(i.HAL_ADC_ConvCpltCallback)
    i.HAL_ADC_ConvHalfCpltCallback           0x080008d6   Section        0  stm32f4xx_hal_adc.o(i.HAL_ADC_ConvHalfCpltCallback)
    i.HAL_ADC_ErrorCallback                  0x080008d8   Section        0  stm32f4xx_hal_adc.o(i.HAL_ADC_ErrorCallback)
    i.HAL_ADC_Init                           0x080008da   Section        0  stm32f4xx_hal_adc.o(i.HAL_ADC_Init)
    i.HAL_ADC_MspInit                        0x08000930   Section        0  stm32f4xx_hal_msp.o(i.HAL_ADC_MspInit)
    i.HAL_ADC_Start                          0x080009c0   Section        0  stm32f4xx_hal_adc.o(i.HAL_ADC_Start)
    i.HAL_ADC_Start_DMA                      0x08000a78   Section        0  stm32f4xx_hal_adc.o(i.HAL_ADC_Start_DMA)
    i.HAL_DMA2D_ConfigLayer                  0x08000b74   Section        0  stm32f4xx_hal_dma2d.o(i.HAL_DMA2D_ConfigLayer)
    i.HAL_DMA2D_Init                         0x08000c38   Section        0  stm32f4xx_hal_dma2d.o(i.HAL_DMA2D_Init)
    i.HAL_DMA2D_MspInit                      0x08000c94   Section        0  stm32f4xx_hal_msp.o(i.HAL_DMA2D_MspInit)
    i.HAL_DMA_IRQHandler                     0x08000cbc   Section        0  stm32f4xx_hal_dma.o(i.HAL_DMA_IRQHandler)
    i.HAL_DMA_Init                           0x08000e64   Section        0  stm32f4xx_hal_dma.o(i.HAL_DMA_Init)
    i.HAL_DMA_Start_IT                       0x08000f34   Section        0  stm32f4xx_hal_dma.o(i.HAL_DMA_Start_IT)
    i.HAL_Delay                              0x08000fac   Section        0  stm32f4xx_hal.o(i.HAL_Delay)
    i.HAL_FMC_MspInit                        0x08000fc4   Section        0  stm32f4xx_hal_msp.o(i.HAL_FMC_MspInit)
    HAL_FMC_MspInit                          0x08000fc5   Thumb Code   180  stm32f4xx_hal_msp.o(i.HAL_FMC_MspInit)
    i.HAL_GPIO_Init                          0x08001098   Section        0  stm32f4xx_hal_gpio.o(i.HAL_GPIO_Init)
    i.HAL_GPIO_WritePin                      0x08001264   Section        0  stm32f4xx_hal_gpio.o(i.HAL_GPIO_WritePin)
    i.HAL_GetTick                            0x08001270   Section        0  stm32f4xx_hal.o(i.HAL_GetTick)
    i.HAL_IncTick                            0x0800127c   Section        0  stm32f4xx_hal.o(i.HAL_IncTick)
    i.HAL_Init                               0x0800128c   Section        0  stm32f4xx_hal.o(i.HAL_Init)
    i.HAL_InitTick                           0x080012c0   Section        0  stm32f4xx_hal.o(i.HAL_InitTick)
    i.HAL_MspInit                            0x080012e8   Section        0  stm32f4xx_hal_msp.o(i.HAL_MspInit)
    i.HAL_NVIC_EnableIRQ                     0x08001340   Section        0  stm32f4xx_hal_cortex.o(i.HAL_NVIC_EnableIRQ)
    i.HAL_NVIC_SetPriority                   0x08001358   Section        0  stm32f4xx_hal_cortex.o(i.HAL_NVIC_SetPriority)
    i.HAL_NVIC_SetPriorityGrouping           0x08001398   Section        0  stm32f4xx_hal_cortex.o(i.HAL_NVIC_SetPriorityGrouping)
    i.HAL_RCCEx_PeriphCLKConfig              0x080013bc   Section        0  stm32f4xx_hal_rcc_ex.o(i.HAL_RCCEx_PeriphCLKConfig)
    i.HAL_RCC_ClockConfig                    0x08001674   Section        0  stm32f4xx_hal_rcc.o(i.HAL_RCC_ClockConfig)
    i.HAL_RCC_GetHCLKFreq                    0x080017f0   Section        0  stm32f4xx_hal_rcc.o(i.HAL_RCC_GetHCLKFreq)
    i.HAL_RCC_GetPCLK1Freq                   0x080017fc   Section        0  stm32f4xx_hal_rcc.o(i.HAL_RCC_GetPCLK1Freq)
    i.HAL_RCC_GetPCLK2Freq                   0x0800182c   Section        0  stm32f4xx_hal_rcc.o(i.HAL_RCC_GetPCLK2Freq)
    i.HAL_RCC_GetSysClockFreq                0x0800185c   Section        0  stm32f4xx_hal_rcc.o(i.HAL_RCC_GetSysClockFreq)
    i.HAL_RCC_OscConfig                      0x080018d0   Section        0  stm32f4xx_hal_rcc.o(i.HAL_RCC_OscConfig)
    i.HAL_RNG_Init                           0x08001bb4   Section        0  stm32f4xx_hal_rng.o(i.HAL_RNG_Init)
    i.HAL_RNG_MspInit                        0x08001bf4   Section        0  stm32f4xx_hal_msp.o(i.HAL_RNG_MspInit)
    i.HAL_SAI_ErrorCallback                  0x08001c1c   Section        0  codec.o(i.HAL_SAI_ErrorCallback)
    i.HAL_SAI_Init                           0x08001c20   Section        0  stm32f4xx_hal_sai.o(i.HAL_SAI_Init)
    i.HAL_SAI_MspInit                        0x08001d84   Section        0  stm32f4xx_hal_msp.o(i.HAL_SAI_MspInit)
    i.HAL_SAI_Receive_DMA                    0x08001ec8   Section        0  stm32f4xx_hal_sai.o(i.HAL_SAI_Receive_DMA)
    i.HAL_SAI_RxCpltCallback                 0x08001f74   Section        0  codec.o(i.HAL_SAI_RxCpltCallback)
    i.HAL_SAI_RxHalfCpltCallback             0x08001f76   Section        0  codec.o(i.HAL_SAI_RxHalfCpltCallback)
    i.HAL_SAI_Transmit_DMA                   0x08001f78   Section        0  stm32f4xx_hal_sai.o(i.HAL_SAI_Transmit_DMA)
    i.HAL_SAI_TxCpltCallback                 0x08002024   Section        0  stm32f4xx_hal_sai.o(i.HAL_SAI_TxCpltCallback)
    i.HAL_SAI_TxHalfCpltCallback             0x08002026   Section        0  stm32f4xx_hal_sai.o(i.HAL_SAI_TxHalfCpltCallback)
    i.HAL_SDRAM_Init                         0x08002028   Section        0  stm32f4xx_hal_sdram.o(i.HAL_SDRAM_Init)
    i.HAL_SDRAM_MspInit                      0x0800206a   Section        0  stm32f4xx_hal_msp.o(i.HAL_SDRAM_MspInit)
    i.HAL_SDRAM_ProgramRefreshRate           0x0800206e   Section        0  stm32f4xx_hal_sdram.o(i.HAL_SDRAM_ProgramRefreshRate)
    i.HAL_SDRAM_SendCommand                  0x08002090   Section        0  stm32f4xx_hal_sdram.o(i.HAL_SDRAM_SendCommand)
    i.HAL_SPI_Init                           0x080020c0   Section        0  stm32f4xx_hal_spi.o(i.HAL_SPI_Init)
    i.HAL_SPI_MspInit                        0x08002140   Section        0  stm32f4xx_hal_msp.o(i.HAL_SPI_MspInit)
    i.HAL_SPI_Transmit                       0x080021ec   Section        0  stm32f4xx_hal_spi.o(i.HAL_SPI_Transmit)
    i.HAL_SYSTICK_CLKSourceConfig            0x08002354   Section        0  stm32f4xx_hal_cortex.o(i.HAL_SYSTICK_CLKSourceConfig)
    i.HAL_SYSTICK_Callback                   0x0800236c   Section        0  stm32f4xx_hal_cortex.o(i.HAL_SYSTICK_Callback)
    i.HAL_SYSTICK_Config                     0x0800236e   Section        0  stm32f4xx_hal_cortex.o(i.HAL_SYSTICK_Config)
    i.HAL_SYSTICK_IRQHandler                 0x08002396   Section        0  stm32f4xx_hal_cortex.o(i.HAL_SYSTICK_IRQHandler)
    i.HAL_TIMEx_MasterConfigSynchronization  0x0800239e   Section        0  stm32f4xx_hal_tim_ex.o(i.HAL_TIMEx_MasterConfigSynchronization)
    i.HAL_TIMEx_PWMN_Start                   0x080023ee   Section        0  stm32f4xx_hal_tim_ex.o(i.HAL_TIMEx_PWMN_Start)
    i.HAL_TIM_Base_Start                     0x08002412   Section        0  stm32f4xx_hal_tim.o(i.HAL_TIM_Base_Start)
    i.HAL_TIM_MspPostInit                    0x0800242c   Section        0  stm32f4xx_hal_msp.o(i.HAL_TIM_MspPostInit)
    i.HAL_TIM_PWM_ConfigChannel              0x08002490   Section        0  stm32f4xx_hal_tim.o(i.HAL_TIM_PWM_ConfigChannel)
    i.HAL_TIM_PWM_Init                       0x08002560   Section        0  stm32f4xx_hal_tim.o(i.HAL_TIM_PWM_Init)
    i.HAL_TIM_PWM_MspInit                    0x08002598   Section        0  stm32f4xx_hal_msp.o(i.HAL_TIM_PWM_MspInit)
    i.HAL_TIM_PWM_Start                      0x080025f0   Section        0  stm32f4xx_hal_tim.o(i.HAL_TIM_PWM_Start)
    i.HAL_UART_Init                          0x08002628   Section        0  stm32f4xx_hal_uart.o(i.HAL_UART_Init)
    i.HAL_UART_MspInit                       0x0800268c   Section        0  stm32f4xx_hal_msp.o(i.HAL_UART_MspInit)
    i.MX_ADC3_Init                           0x080026e4   Section        0  main.o(i.MX_ADC3_Init)
    MX_ADC3_Init                             0x080026e5   Thumb Code   134  main.o(i.MX_ADC3_Init)
    i.MX_FMC_Init                            0x08002774   Section        0  main.o(i.MX_FMC_Init)
    MX_FMC_Init                              0x08002775   Thumb Code    86  main.o(i.MX_FMC_Init)
    i.MX_GPIO_Init                           0x080027d4   Section        0  main.o(i.MX_GPIO_Init)
    MX_GPIO_Init                             0x080027d5   Thumb Code   256  main.o(i.MX_GPIO_Init)
    i.MX_SAI1_Init                           0x080028e0   Section        0  main.o(i.MX_SAI1_Init)
    MX_SAI1_Init                             0x080028e1   Thumb Code   122  main.o(i.MX_SAI1_Init)
    i.MX_SPI1_Init                           0x08002964   Section        0  main.o(i.MX_SPI1_Init)
    MX_SPI1_Init                             0x08002965   Thumb Code    54  main.o(i.MX_SPI1_Init)
    i.MX_SPI4_Init                           0x080029a4   Section        0  main.o(i.MX_SPI4_Init)
    MX_SPI4_Init                             0x080029a5   Thumb Code    56  main.o(i.MX_SPI4_Init)
    i.MX_SPI5_Init                           0x080029e4   Section        0  main.o(i.MX_SPI5_Init)
    MX_SPI5_Init                             0x080029e5   Thumb Code    54  main.o(i.MX_SPI5_Init)
    i.MX_TIM2_Init                           0x08002a24   Section        0  main.o(i.MX_TIM2_Init)
    MX_TIM2_Init                             0x08002a25   Thumb Code    86  main.o(i.MX_TIM2_Init)
    i.MX_TIM3_Init                           0x08002a80   Section        0  main.o(i.MX_TIM3_Init)
    MX_TIM3_Init                             0x08002a81   Thumb Code    84  main.o(i.MX_TIM3_Init)
    i.MX_TIM5_Init                           0x08002adc   Section        0  main.o(i.MX_TIM5_Init)
    MX_TIM5_Init                             0x08002add   Thumb Code    84  main.o(i.MX_TIM5_Init)
    i.NVIC_SetPriority                       0x08002b38   Section        0  stm32f4xx_hal_cortex.o(i.NVIC_SetPriority)
    NVIC_SetPriority                         0x08002b39   Thumb Code    32  stm32f4xx_hal_cortex.o(i.NVIC_SetPriority)
    i.OWLtest                                0x08002b58   Section        0  test.o(i.OWLtest)
    i.PendSV_Handler                         0x08002b6e   Section        0  stm32f4xx_it.o(i.PendSV_Handler)
    i.RGB_Update                             0x08002b70   Section        0  hal_io.o(i.RGB_Update)
    i.RGB_init                               0x08002b8c   Section        0  hal_io.o(i.RGB_init)
    i.SAI_BlockSynchroConfig                 0x08002be0   Section        0  stm32f4xx_hal_sai_ex.o(i.SAI_BlockSynchroConfig)
    i.SAI_DMAError                           0x08002c00   Section        0  stm32f4xx_hal_sai.o(i.SAI_DMAError)
    SAI_DMAError                             0x08002c01   Thumb Code    68  stm32f4xx_hal_sai.o(i.SAI_DMAError)
    i.SAI_DMARxCplt                          0x08002c44   Section        0  stm32f4xx_hal_sai.o(i.SAI_DMARxCplt)
    SAI_DMARxCplt                            0x08002c45   Thumb Code    60  stm32f4xx_hal_sai.o(i.SAI_DMARxCplt)
    i.SAI_DMARxHalfCplt                      0x08002c80   Section        0  stm32f4xx_hal_sai.o(i.SAI_DMARxHalfCplt)
    SAI_DMARxHalfCplt                        0x08002c81   Thumb Code    10  stm32f4xx_hal_sai.o(i.SAI_DMARxHalfCplt)
    i.SAI_DMATxCplt                          0x08002c8a   Section        0  stm32f4xx_hal_sai.o(i.SAI_DMATxCplt)
    SAI_DMATxCplt                            0x08002c8b   Thumb Code    60  stm32f4xx_hal_sai.o(i.SAI_DMATxCplt)
    i.SAI_DMATxHalfCplt                      0x08002cc6   Section        0  stm32f4xx_hal_sai.o(i.SAI_DMATxHalfCplt)
    SAI_DMATxHalfCplt                        0x08002cc7   Thumb Code    10  stm32f4xx_hal_sai.o(i.SAI_DMATxHalfCplt)
    i.SAI_Disable                            0x08002cd0   Section        0  stm32f4xx_hal_sai.o(i.SAI_Disable)
    SAI_Disable                              0x08002cd1   Thumb Code    58  stm32f4xx_hal_sai.o(i.SAI_Disable)
    i.SAI_GetInputClock                      0x08002d10   Section        0  stm32f4xx_hal_sai_ex.o(i.SAI_GetInputClock)
    i.SAI_InterruptFlag                      0x08002dc0   Section        0  stm32f4xx_hal_sai.o(i.SAI_InterruptFlag)
    SAI_InterruptFlag                        0x08002dc1   Thumb Code    48  stm32f4xx_hal_sai.o(i.SAI_InterruptFlag)
    i.SDRAM_Initialization_Sequence          0x08002df0   Section        0  main.o(i.SDRAM_Initialization_Sequence)
    SDRAM_Initialization_Sequence            0x08002df1   Thumb Code   120  main.o(i.SDRAM_Initialization_Sequence)
    i.SDRAM_Test                             0x08002e68   Section        0  test.o(i.SDRAM_Test)
    i.SPI_CheckFlag_BSY                      0x08002eec   Section        0  stm32f4xx_hal_spi.o(i.SPI_CheckFlag_BSY)
    SPI_CheckFlag_BSY                        0x08002eed   Thumb Code    32  stm32f4xx_hal_spi.o(i.SPI_CheckFlag_BSY)
    i.SPI_WaitFlagStateUntilTimeout          0x08002f0c   Section        0  stm32f4xx_hal_spi.o(i.SPI_WaitFlagStateUntilTimeout)
    SPI_WaitFlagStateUntilTimeout            0x08002f0d   Thumb Code   150  stm32f4xx_hal_spi.o(i.SPI_WaitFlagStateUntilTimeout)
    i.SVC_Handler                            0x08002fa2   Section        0  stm32f4xx_it.o(i.SVC_Handler)
    i.SysTick_Handler                        0x08002fa4   Section        0  stm32f4xx_it.o(i.SysTick_Handler)
    i.SystemClock_Config                     0x08002fb4   Section        0  main.o(i.SystemClock_Config)
    i.SystemInit                             0x08003068   Section        0  system_stm32f4xx.o(i.SystemInit)
    i.TIM_Base_SetConfig                     0x080030bc   Section        0  stm32f4xx_hal_tim.o(i.TIM_Base_SetConfig)
    i.TIM_CCxChannelCmd                      0x0800317c   Section        0  stm32f4xx_hal_tim.o(i.TIM_CCxChannelCmd)
    i.TIM_CCxNChannelCmd                     0x08003192   Section        0  stm32f4xx_hal_tim_ex.o(i.TIM_CCxNChannelCmd)
    TIM_CCxNChannelCmd                       0x08003193   Thumb Code    22  stm32f4xx_hal_tim_ex.o(i.TIM_CCxNChannelCmd)
    i.TIM_OC1_SetConfig                      0x080031a8   Section        0  stm32f4xx_hal_tim.o(i.TIM_OC1_SetConfig)
    TIM_OC1_SetConfig                        0x080031a9   Thumb Code    80  stm32f4xx_hal_tim.o(i.TIM_OC1_SetConfig)
    i.TIM_OC2_SetConfig                      0x08003200   Section        0  stm32f4xx_hal_tim.o(i.TIM_OC2_SetConfig)
    i.TIM_OC3_SetConfig                      0x08003264   Section        0  stm32f4xx_hal_tim.o(i.TIM_OC3_SetConfig)
    TIM_OC3_SetConfig                        0x08003265   Thumb Code    88  stm32f4xx_hal_tim.o(i.TIM_OC3_SetConfig)
    i.TIM_OC4_SetConfig                      0x080032c4   Section        0  stm32f4xx_hal_tim.o(i.TIM_OC4_SetConfig)
    TIM_OC4_SetConfig                        0x080032c5   Thumb Code    70  stm32f4xx_hal_tim.o(i.TIM_OC4_SetConfig)
    i.UART_SetConfig                         0x08003314   Section        0  stm32f4xx_hal_uart.o(i.UART_SetConfig)
    UART_SetConfig                           0x08003315   Thumb Code   676  stm32f4xx_hal_uart.o(i.UART_SetConfig)
    i._ZN5Codec4initEP19__SPI_HandleTypeDefP19__SAI_HandleTypeDefS3_ 0x080035c0   Section        0  codec.o(i._ZN5Codec4initEP19__SPI_HandleTypeDefP19__SAI_HandleTypeDefS3_)
    i._ZN5Codec4rampEj                       0x08003600   Section        0  codec.o(i._ZN5Codec4rampEj)
    i._ZN5Codec5startEv                      0x08003620   Section        0  codec.o(i._ZN5Codec5startEv)
    i.__scatterload_copy                     0x0800364c   Section       14  handlers.o(i.__scatterload_copy)
    i.__scatterload_null                     0x0800365a   Section        2  handlers.o(i.__scatterload_null)
    i.__scatterload_zeroinit                 0x0800365c   Section       14  handlers.o(i.__scatterload_zeroinit)
    i.codec_init                             0x0800366c   Section        0  cs4272.o(i.codec_init)
    i.codec_write                            0x080036e8   Section        0  cs4272.o(i.codec_write)
    i.loop                                   0x08003734   Section        0  owl.o(i.loop)
    i.main                                   0x08003738   Section        0  main.o(i.main)
    .constdata                               0x0800390c   Section        8  stm32f4xx_hal_dma.o(.constdata)
    flagBitshiftOffset                       0x0800390c   Data           8  stm32f4xx_hal_dma.o(.constdata)
    .constdata                               0x08003914   Section       16  stm32f4xx_hal_rcc.o(.constdata)
    .data                                    0x20000000   Section        4  system_stm32f4xx.o(.data)
    .data                                    0x20000004   Section        4  stm32f4xx_hal.o(.data)
    .data                                    0x20000008   Section       12  stm32f4xx_hal_msp.o(.data)
    FMC_Initialized                          0x20000008   Data           4  stm32f4xx_hal_msp.o(.data)
    FMC_DeInitialized                        0x2000000c   Data           4  stm32f4xx_hal_msp.o(.data)
    SAI1_client                              0x20000010   Data           4  stm32f4xx_hal_msp.o(.data)
    .data                                    0x20000014   Section        4  cs4272.o(.data)
    .data                                    0x20000018   Section       16  hal_io.o(.data)
    .data                                    0x20000028   Section        1  owl.o(.data)
    .data                                    0x2000002c   Section       12  codec.o(.data)
    .bss                                     0x20000038   Section     1024  main.o(.bss)
    .bss                                     0x20000438   Section       96  main.o(.bss)
    .bss                                     0x20000498   Section       96  main.o(.bss)
    .bss                                     0x200004f8   Section       96  main.o(.bss)
    .bss                                     0x20000558   Section       32  hal_io.o(.bss)
    .bss                                     0x20000578   Section       80  test.o(.bss)
    .bss                                     0x200005c8   Section    65536  codec.o(.bss)
    txbuf                                    0x200005c8   Data       32768  codec.o(.bss)
    rxbuf                                    0x200085c8   Data       32768  codec.o(.bss)
    STACK                                    0x200105c8   Section     1024  startup_stm32f427xx.o(STACK)

    Global Symbols

    Symbol Name                              Value     Ov Type        Size  Object(Section)

    BuildAttributes$$THM_ISAv4$E$P$D$K$B$S$7EM$VFPi3$EXTD16$VFPS$VFMA$PE$A:L22UL41UL21$X:L11$S22US41US21$IEEE1$IW$USESV6$~STKCKD$USESV7$~SHL$OSPACE$EBA8$MICROLIB$REQ8$PRES8$EABIv2 0x00000000   Number         0  anon$$obj.o ABSOLUTE
    __ARM_use_no_argv                        0x00000000   Number         0  main.o ABSOLUTE
    __cpp_initialize__aeabi_                  - Undefined Weak Reference
    __cxa_finalize                            - Undefined Weak Reference
    __decompress                              - Undefined Weak Reference
    _clock_init                               - Undefined Weak Reference
    _microlib_exit                            - Undefined Weak Reference
    __Vectors_Size                           0x000001ac   Number         0  startup_stm32f427xx.o ABSOLUTE
    __Vectors                                0x08000000   Data           4  startup_stm32f427xx.o(RESET)
    __Vectors_End                            0x080001ac   Data           0  startup_stm32f427xx.o(RESET)
    __main                                   0x080001ad   Thumb Code     0  entry.o(.ARM.Collect$$$$00000000)
    _main_stk                                0x080001ad   Thumb Code     0  entry2.o(.ARM.Collect$$$$00000001)
    _main_scatterload                        0x080001b1   Thumb Code     0  entry5.o(.ARM.Collect$$$$00000004)
    __main_after_scatterload                 0x080001b5   Thumb Code     0  entry5.o(.ARM.Collect$$$$00000004)
    _main_clock                              0x080001b5   Thumb Code     0  entry7b.o(.ARM.Collect$$$$00000008)
    _main_cpp_init                           0x080001b5   Thumb Code     0  entry8b.o(.ARM.Collect$$$$0000000A)
    _main_init                               0x080001b5   Thumb Code     0  entry9a.o(.ARM.Collect$$$$0000000B)
    __rt_final_cpp                           0x080001bd   Thumb Code     0  entry10a.o(.ARM.Collect$$$$0000000D)
    __rt_final_exit                          0x080001bd   Thumb Code     0  entry11a.o(.ARM.Collect$$$$0000000F)
    Reset_Handler                            0x080001c1   Thumb Code     8  startup_stm32f427xx.o(.text)
    NMI_Handler                              0x080001c9   Thumb Code     2  startup_stm32f427xx.o(.text)
    HardFault_Handler                        0x080001cb   Thumb Code     2  startup_stm32f427xx.o(.text)
    MemManage_Handler                        0x080001cd   Thumb Code     2  startup_stm32f427xx.o(.text)
    BusFault_Handler                         0x080001cf   Thumb Code     2  startup_stm32f427xx.o(.text)
    UsageFault_Handler                       0x080001d1   Thumb Code     2  startup_stm32f427xx.o(.text)
    DebugMon_Handler                         0x080001d5   Thumb Code     2  startup_stm32f427xx.o(.text)
    ADC_IRQHandler                           0x080001db   Thumb Code     0  startup_stm32f427xx.o(.text)
    CAN1_RX0_IRQHandler                      0x080001db   Thumb Code     0  startup_stm32f427xx.o(.text)
    CAN1_RX1_IRQHandler                      0x080001db   Thumb Code     0  startup_stm32f427xx.o(.text)
    CAN1_SCE_IRQHandler                      0x080001db   Thumb Code     0  startup_stm32f427xx.o(.text)
    CAN1_TX_IRQHandler                       0x080001db   Thumb Code     0  startup_stm32f427xx.o(.text)
    CAN2_RX0_IRQHandler                      0x080001db   Thumb Code     0  startup_stm32f427xx.o(.text)
    CAN2_RX1_IRQHandler                      0x080001db   Thumb Code     0  startup_stm32f427xx.o(.text)
    CAN2_SCE_IRQHandler                      0x080001db   Thumb Code     0  startup_stm32f427xx.o(.text)
    CAN2_TX_IRQHandler                       0x080001db   Thumb Code     0  startup_stm32f427xx.o(.text)
    DCMI_IRQHandler                          0x080001db   Thumb Code     0  startup_stm32f427xx.o(.text)
    DMA1_Stream0_IRQHandler                  0x080001db   Thumb Code     0  startup_stm32f427xx.o(.text)
    DMA1_Stream1_IRQHandler                  0x080001db   Thumb Code     0  startup_stm32f427xx.o(.text)
    DMA1_Stream2_IRQHandler                  0x080001db   Thumb Code     0  startup_stm32f427xx.o(.text)
    DMA1_Stream3_IRQHandler                  0x080001db   Thumb Code     0  startup_stm32f427xx.o(.text)
    DMA1_Stream4_IRQHandler                  0x080001db   Thumb Code     0  startup_stm32f427xx.o(.text)
    DMA1_Stream5_IRQHandler                  0x080001db   Thumb Code     0  startup_stm32f427xx.o(.text)
    DMA1_Stream6_IRQHandler                  0x080001db   Thumb Code     0  startup_stm32f427xx.o(.text)
    DMA1_Stream7_IRQHandler                  0x080001db   Thumb Code     0  startup_stm32f427xx.o(.text)
    DMA2D_IRQHandler                         0x080001db   Thumb Code     0  startup_stm32f427xx.o(.text)
    DMA2_Stream2_IRQHandler                  0x080001db   Thumb Code     0  startup_stm32f427xx.o(.text)
    DMA2_Stream3_IRQHandler                  0x080001db   Thumb Code     0  startup_stm32f427xx.o(.text)
    DMA2_Stream5_IRQHandler                  0x080001db   Thumb Code     0  startup_stm32f427xx.o(.text)
    DMA2_Stream6_IRQHandler                  0x080001db   Thumb Code     0  startup_stm32f427xx.o(.text)
    DMA2_Stream7_IRQHandler                  0x080001db   Thumb Code     0  startup_stm32f427xx.o(.text)
    ETH_IRQHandler                           0x080001db   Thumb Code     0  startup_stm32f427xx.o(.text)
    ETH_WKUP_IRQHandler                      0x080001db   Thumb Code     0  startup_stm32f427xx.o(.text)
    EXTI0_IRQHandler                         0x080001db   Thumb Code     0  startup_stm32f427xx.o(.text)
    EXTI15_10_IRQHandler                     0x080001db   Thumb Code     0  startup_stm32f427xx.o(.text)
    EXTI1_IRQHandler                         0x080001db   Thumb Code     0  startup_stm32f427xx.o(.text)
    EXTI2_IRQHandler                         0x080001db   Thumb Code     0  startup_stm32f427xx.o(.text)
    EXTI3_IRQHandler                         0x080001db   Thumb Code     0  startup_stm32f427xx.o(.text)
    EXTI4_IRQHandler                         0x080001db   Thumb Code     0  startup_stm32f427xx.o(.text)
    EXTI9_5_IRQHandler                       0x080001db   Thumb Code     0  startup_stm32f427xx.o(.text)
    FLASH_IRQHandler                         0x080001db   Thumb Code     0  startup_stm32f427xx.o(.text)
    FMC_IRQHandler                           0x080001db   Thumb Code     0  startup_stm32f427xx.o(.text)
    FPU_IRQHandler                           0x080001db   Thumb Code     0  startup_stm32f427xx.o(.text)
    HASH_RNG_IRQHandler                      0x080001db   Thumb Code     0  startup_stm32f427xx.o(.text)
    I2C1_ER_IRQHandler                       0x080001db   Thumb Code     0  startup_stm32f427xx.o(.text)
    I2C1_EV_IRQHandler                       0x080001db   Thumb Code     0  startup_stm32f427xx.o(.text)
    I2C2_ER_IRQHandler                       0x080001db   Thumb Code     0  startup_stm32f427xx.o(.text)
    I2C2_EV_IRQHandler                       0x080001db   Thumb Code     0  startup_stm32f427xx.o(.text)
    I2C3_ER_IRQHandler                       0x080001db   Thumb Code     0  startup_stm32f427xx.o(.text)
    I2C3_EV_IRQHandler                       0x080001db   Thumb Code     0  startup_stm32f427xx.o(.text)
    OTG_FS_IRQHandler                        0x080001db   Thumb Code     0  startup_stm32f427xx.o(.text)
    OTG_FS_WKUP_IRQHandler                   0x080001db   Thumb Code     0  startup_stm32f427xx.o(.text)
    OTG_HS_EP1_IN_IRQHandler                 0x080001db   Thumb Code     0  startup_stm32f427xx.o(.text)
    OTG_HS_EP1_OUT_IRQHandler                0x080001db   Thumb Code     0  startup_stm32f427xx.o(.text)
    OTG_HS_IRQHandler                        0x080001db   Thumb Code     0  startup_stm32f427xx.o(.text)
    OTG_HS_WKUP_IRQHandler                   0x080001db   Thumb Code     0  startup_stm32f427xx.o(.text)
    PVD_IRQHandler                           0x080001db   Thumb Code     0  startup_stm32f427xx.o(.text)
    RCC_IRQHandler                           0x080001db   Thumb Code     0  startup_stm32f427xx.o(.text)
    RTC_Alarm_IRQHandler                     0x080001db   Thumb Code     0  startup_stm32f427xx.o(.text)
    RTC_WKUP_IRQHandler                      0x080001db   Thumb Code     0  startup_stm32f427xx.o(.text)
    SAI1_IRQHandler                          0x080001db   Thumb Code     0  startup_stm32f427xx.o(.text)
    SDIO_IRQHandler                          0x080001db   Thumb Code     0  startup_stm32f427xx.o(.text)
    SPI1_IRQHandler                          0x080001db   Thumb Code     0  startup_stm32f427xx.o(.text)
    SPI2_IRQHandler                          0x080001db   Thumb Code     0  startup_stm32f427xx.o(.text)
    SPI3_IRQHandler                          0x080001db   Thumb Code     0  startup_stm32f427xx.o(.text)
    SPI4_IRQHandler                          0x080001db   Thumb Code     0  startup_stm32f427xx.o(.text)
    SPI5_IRQHandler                          0x080001db   Thumb Code     0  startup_stm32f427xx.o(.text)
    SPI6_IRQHandler                          0x080001db   Thumb Code     0  startup_stm32f427xx.o(.text)
    TAMP_STAMP_IRQHandler                    0x080001db   Thumb Code     0  startup_stm32f427xx.o(.text)
    TIM1_BRK_TIM9_IRQHandler                 0x080001db   Thumb Code     0  startup_stm32f427xx.o(.text)
    TIM1_CC_IRQHandler                       0x080001db   Thumb Code     0  startup_stm32f427xx.o(.text)
    TIM1_TRG_COM_TIM11_IRQHandler            0x080001db   Thumb Code     0  startup_stm32f427xx.o(.text)
    TIM1_UP_TIM10_IRQHandler                 0x080001db   Thumb Code     0  startup_stm32f427xx.o(.text)
    TIM2_IRQHandler                          0x080001db   Thumb Code     0  startup_stm32f427xx.o(.text)
    TIM3_IRQHandler                          0x080001db   Thumb Code     0  startup_stm32f427xx.o(.text)
    TIM4_IRQHandler                          0x080001db   Thumb Code     0  startup_stm32f427xx.o(.text)
    TIM5_IRQHandler                          0x080001db   Thumb Code     0  startup_stm32f427xx.o(.text)
    TIM6_DAC_IRQHandler                      0x080001db   Thumb Code     0  startup_stm32f427xx.o(.text)
    TIM7_IRQHandler                          0x080001db   Thumb Code     0  startup_stm32f427xx.o(.text)
    TIM8_BRK_TIM12_IRQHandler                0x080001db   Thumb Code     0  startup_stm32f427xx.o(.text)
    TIM8_CC_IRQHandler                       0x080001db   Thumb Code     0  startup_stm32f427xx.o(.text)
    TIM8_TRG_COM_TIM14_IRQHandler            0x080001db   Thumb Code     0  startup_stm32f427xx.o(.text)
    TIM8_UP_TIM13_IRQHandler                 0x080001db   Thumb Code     0  startup_stm32f427xx.o(.text)
    UART4_IRQHandler                         0x080001db   Thumb Code     0  startup_stm32f427xx.o(.text)
    UART5_IRQHandler                         0x080001db   Thumb Code     0  startup_stm32f427xx.o(.text)
    UART7_IRQHandler                         0x080001db   Thumb Code     0  startup_stm32f427xx.o(.text)
    UART8_IRQHandler                         0x080001db   Thumb Code     0  startup_stm32f427xx.o(.text)
    USART1_IRQHandler                        0x080001db   Thumb Code     0  startup_stm32f427xx.o(.text)
    USART2_IRQHandler                        0x080001db   Thumb Code     0  startup_stm32f427xx.o(.text)
    USART3_IRQHandler                        0x080001db   Thumb Code     0  startup_stm32f427xx.o(.text)
    USART6_IRQHandler                        0x080001db   Thumb Code     0  startup_stm32f427xx.o(.text)
    WWDG_IRQHandler                          0x080001db   Thumb Code     0  startup_stm32f427xx.o(.text)
    __aeabi_memcpy                           0x080001e5   Thumb Code    36  memcpya.o(.text)
    __aeabi_memcpy4                          0x080001e5   Thumb Code     0  memcpya.o(.text)
    __aeabi_memcpy8                          0x080001e5   Thumb Code     0  memcpya.o(.text)
    __scatterload                            0x08000209   Thumb Code    28  init.o(.text)
    __scatterload_rt2                        0x08000209   Thumb Code     0  init.o(.text)
    CV_init                                  0x080003e5   Thumb Code    24  hal_io.o(i.CV_init)
    Codec_setup                              0x08000405   Thumb Code    34  owl.o(i.Codec_setup)
    DMA2_Stream0_IRQHandler                  0x0800042d   Thumb Code     6  stm32f4xx_it.o(i.DMA2_Stream0_IRQHandler)
    DMA2_Stream1_IRQHandler                  0x08000439   Thumb Code   176  stm32f4xx_it.o(i.DMA2_Stream1_IRQHandler)
    DMA2_Stream4_IRQHandler                  0x080004f9   Thumb Code   172  stm32f4xx_it.o(i.DMA2_Stream4_IRQHandler)
    Error_Handler                            0x08000659   Thumb Code     2  main.o(i.Error_Handler)
    FMC_SDRAM_Init                           0x0800065b   Thumb Code    80  stm32f4xx_ll_fmc.o(i.FMC_SDRAM_Init)
    FMC_SDRAM_ProgramRefreshRate             0x080006ab   Thumb Code    12  stm32f4xx_ll_fmc.o(i.FMC_SDRAM_ProgramRefreshRate)
    FMC_SDRAM_SendCommand                    0x080006b7   Thumb Code    72  stm32f4xx_ll_fmc.o(i.FMC_SDRAM_SendCommand)
    FMC_SDRAM_Timing_Init                    0x08000701   Thumb Code   124  stm32f4xx_ll_fmc.o(i.FMC_SDRAM_Timing_Init)
    HAL_ADC_ConfigChannel                    0x08000781   Thumb Code   324  stm32f4xx_hal_adc.o(i.HAL_ADC_ConfigChannel)
    HAL_ADC_ConvCpltCallback                 0x080008d5   Thumb Code     2  stm32f4xx_hal_adc.o(i.HAL_ADC_ConvCpltCallback)
    HAL_ADC_ConvHalfCpltCallback             0x080008d7   Thumb Code     2  stm32f4xx_hal_adc.o(i.HAL_ADC_ConvHalfCpltCallback)
    HAL_ADC_ErrorCallback                    0x080008d9   Thumb Code     2  stm32f4xx_hal_adc.o(i.HAL_ADC_ErrorCallback)
    HAL_ADC_Init                             0x080008db   Thumb Code    84  stm32f4xx_hal_adc.o(i.HAL_ADC_Init)
    HAL_ADC_MspInit                          0x08000931   Thumb Code   120  stm32f4xx_hal_msp.o(i.HAL_ADC_MspInit)
    HAL_ADC_Start                            0x080009c1   Thumb Code   170  stm32f4xx_hal_adc.o(i.HAL_ADC_Start)
    HAL_ADC_Start_DMA                        0x08000a79   Thumb Code   228  stm32f4xx_hal_adc.o(i.HAL_ADC_Start_DMA)
    HAL_DMA2D_ConfigLayer                    0x08000b75   Thumb Code   192  stm32f4xx_hal_dma2d.o(i.HAL_DMA2D_ConfigLayer)
    HAL_DMA2D_Init                           0x08000c39   Thumb Code    90  stm32f4xx_hal_dma2d.o(i.HAL_DMA2D_Init)
    HAL_DMA2D_MspInit                        0x08000c95   Thumb Code    30  stm32f4xx_hal_msp.o(i.HAL_DMA2D_MspInit)
    HAL_DMA_IRQHandler                       0x08000cbd   Thumb Code   414  stm32f4xx_hal_dma.o(i.HAL_DMA_IRQHandler)
    HAL_DMA_Init                             0x08000e65   Thumb Code   202  stm32f4xx_hal_dma.o(i.HAL_DMA_Init)
    HAL_DMA_Start_IT                         0x08000f35   Thumb Code   120  stm32f4xx_hal_dma.o(i.HAL_DMA_Start_IT)
    HAL_Delay                                0x08000fad   Thumb Code    22  stm32f4xx_hal.o(i.HAL_Delay)
    HAL_GPIO_Init                            0x08001099   Thumb Code   408  stm32f4xx_hal_gpio.o(i.HAL_GPIO_Init)
    HAL_GPIO_WritePin                        0x08001265   Thumb Code    10  stm32f4xx_hal_gpio.o(i.HAL_GPIO_WritePin)
    HAL_GetTick                              0x08001271   Thumb Code     6  stm32f4xx_hal.o(i.HAL_GetTick)
    HAL_IncTick                              0x0800127d   Thumb Code    10  stm32f4xx_hal.o(i.HAL_IncTick)
    HAL_Init                                 0x0800128d   Thumb Code    48  stm32f4xx_hal.o(i.HAL_Init)
    HAL_InitTick                             0x080012c1   Thumb Code    34  stm32f4xx_hal.o(i.HAL_InitTick)
    HAL_MspInit                              0x080012e9   Thumb Code    88  stm32f4xx_hal_msp.o(i.HAL_MspInit)
    HAL_NVIC_EnableIRQ                       0x08001341   Thumb Code    22  stm32f4xx_hal_cortex.o(i.HAL_NVIC_EnableIRQ)
    HAL_NVIC_SetPriority                     0x08001359   Thumb Code    60  stm32f4xx_hal_cortex.o(i.HAL_NVIC_SetPriority)
    HAL_NVIC_SetPriorityGrouping             0x08001399   Thumb Code    26  stm32f4xx_hal_cortex.o(i.HAL_NVIC_SetPriorityGrouping)
    HAL_RCCEx_PeriphCLKConfig                0x080013bd   Thumb Code   660  stm32f4xx_hal_rcc_ex.o(i.HAL_RCCEx_PeriphCLKConfig)
    HAL_RCC_ClockConfig                      0x08001675   Thumb Code   364  stm32f4xx_hal_rcc.o(i.HAL_RCC_ClockConfig)
    HAL_RCC_GetHCLKFreq                      0x080017f1   Thumb Code     6  stm32f4xx_hal_rcc.o(i.HAL_RCC_GetHCLKFreq)
    HAL_RCC_GetPCLK1Freq                     0x080017fd   Thumb Code    34  stm32f4xx_hal_rcc.o(i.HAL_RCC_GetPCLK1Freq)
    HAL_RCC_GetPCLK2Freq                     0x0800182d   Thumb Code    34  stm32f4xx_hal_rcc.o(i.HAL_RCC_GetPCLK2Freq)
    HAL_RCC_GetSysClockFreq                  0x0800185d   Thumb Code   104  stm32f4xx_hal_rcc.o(i.HAL_RCC_GetSysClockFreq)
    HAL_RCC_OscConfig                        0x080018d1   Thumb Code   722  stm32f4xx_hal_rcc.o(i.HAL_RCC_OscConfig)
    HAL_RNG_Init                             0x08001bb5   Thumb Code    62  stm32f4xx_hal_rng.o(i.HAL_RNG_Init)
    HAL_RNG_MspInit                          0x08001bf5   Thumb Code    30  stm32f4xx_hal_msp.o(i.HAL_RNG_MspInit)
    HAL_SAI_ErrorCallback                    0x08001c1d   Thumb Code     2  codec.o(i.HAL_SAI_ErrorCallback)
    HAL_SAI_Init                             0x08001c21   Thumb Code   346  stm32f4xx_hal_sai.o(i.HAL_SAI_Init)
    HAL_SAI_MspInit                          0x08001d85   Thumb Code   292  stm32f4xx_hal_msp.o(i.HAL_SAI_MspInit)
    HAL_SAI_Receive_DMA                      0x08001ec9   Thumb Code   158  stm32f4xx_hal_sai.o(i.HAL_SAI_Receive_DMA)
    HAL_SAI_RxCpltCallback                   0x08001f75   Thumb Code     2  codec.o(i.HAL_SAI_RxCpltCallback)
    HAL_SAI_RxHalfCpltCallback               0x08001f77   Thumb Code     2  codec.o(i.HAL_SAI_RxHalfCpltCallback)
    HAL_SAI_Transmit_DMA                     0x08001f79   Thumb Code   158  stm32f4xx_hal_sai.o(i.HAL_SAI_Transmit_DMA)
    HAL_SAI_TxCpltCallback                   0x08002025   Thumb Code     2  stm32f4xx_hal_sai.o(i.HAL_SAI_TxCpltCallback)
    HAL_SAI_TxHalfCpltCallback               0x08002027   Thumb Code     2  stm32f4xx_hal_sai.o(i.HAL_SAI_TxHalfCpltCallback)
    HAL_SDRAM_Init                           0x08002029   Thumb Code    66  stm32f4xx_hal_sdram.o(i.HAL_SDRAM_Init)
    HAL_SDRAM_MspInit                        0x0800206b   Thumb Code     4  stm32f4xx_hal_msp.o(i.HAL_SDRAM_MspInit)
    HAL_SDRAM_ProgramRefreshRate             0x0800206f   Thumb Code    34  stm32f4xx_hal_sdram.o(i.HAL_SDRAM_ProgramRefreshRate)
    HAL_SDRAM_SendCommand                    0x08002091   Thumb Code    48  stm32f4xx_hal_sdram.o(i.HAL_SDRAM_SendCommand)
    HAL_SPI_Init                             0x080020c1   Thumb Code   128  stm32f4xx_hal_spi.o(i.HAL_SPI_Init)
    HAL_SPI_MspInit                          0x08002141   Thumb Code   144  stm32f4xx_hal_msp.o(i.HAL_SPI_MspInit)
    HAL_SPI_Transmit                         0x080021ed   Thumb Code   360  stm32f4xx_hal_spi.o(i.HAL_SPI_Transmit)
    HAL_SYSTICK_CLKSourceConfig              0x08002355   Thumb Code    24  stm32f4xx_hal_cortex.o(i.HAL_SYSTICK_CLKSourceConfig)
    HAL_SYSTICK_Callback                     0x0800236d   Thumb Code     2  stm32f4xx_hal_cortex.o(i.HAL_SYSTICK_Callback)
    HAL_SYSTICK_Config                       0x0800236f   Thumb Code    40  stm32f4xx_hal_cortex.o(i.HAL_SYSTICK_Config)
    HAL_SYSTICK_IRQHandler                   0x08002397   Thumb Code     8  stm32f4xx_hal_cortex.o(i.HAL_SYSTICK_IRQHandler)
    HAL_TIMEx_MasterConfigSynchronization    0x0800239f   Thumb Code    80  stm32f4xx_hal_tim_ex.o(i.HAL_TIMEx_MasterConfigSynchronization)
    HAL_TIMEx_PWMN_Start                     0x080023ef   Thumb Code    36  stm32f4xx_hal_tim_ex.o(i.HAL_TIMEx_PWMN_Start)
    HAL_TIM_Base_Start                       0x08002413   Thumb Code    26  stm32f4xx_hal_tim.o(i.HAL_TIM_Base_Start)
    HAL_TIM_MspPostInit                      0x0800242d   Thumb Code    82  stm32f4xx_hal_msp.o(i.HAL_TIM_MspPostInit)
    HAL_TIM_PWM_ConfigChannel                0x08002491   Thumb Code   208  stm32f4xx_hal_tim.o(i.HAL_TIM_PWM_ConfigChannel)
    HAL_TIM_PWM_Init                         0x08002561   Thumb Code    54  stm32f4xx_hal_tim.o(i.HAL_TIM_PWM_Init)
    HAL_TIM_PWM_MspInit                      0x08002599   Thumb Code    74  stm32f4xx_hal_msp.o(i.HAL_TIM_PWM_MspInit)
    HAL_TIM_PWM_Start                        0x080025f1   Thumb Code    48  stm32f4xx_hal_tim.o(i.HAL_TIM_PWM_Start)
    HAL_UART_Init                            0x08002629   Thumb Code    98  stm32f4xx_hal_uart.o(i.HAL_UART_Init)
    HAL_UART_MspInit                         0x0800268d   Thumb Code    70  stm32f4xx_hal_msp.o(i.HAL_UART_MspInit)
    OWLtest                                  0x08002b59   Thumb Code    22  test.o(i.OWLtest)
    PendSV_Handler                           0x08002b6f   Thumb Code     2  stm32f4xx_it.o(i.PendSV_Handler)
    RGB_Update                               0x08002b71   Thumb Code    24  hal_io.o(i.RGB_Update)
    RGB_init                                 0x08002b8d   Thumb Code    78  hal_io.o(i.RGB_init)
    SAI_BlockSynchroConfig                   0x08002be1   Thumb Code    28  stm32f4xx_hal_sai_ex.o(i.SAI_BlockSynchroConfig)
    SAI_GetInputClock                        0x08002d11   Thumb Code   150  stm32f4xx_hal_sai_ex.o(i.SAI_GetInputClock)
    SDRAM_Test                               0x08002e69   Thumb Code   122  test.o(i.SDRAM_Test)
    SVC_Handler                              0x08002fa3   Thumb Code     2  stm32f4xx_it.o(i.SVC_Handler)
    SysTick_Handler                          0x08002fa5   Thumb Code    14  stm32f4xx_it.o(i.SysTick_Handler)
    SystemClock_Config                       0x08002fb5   Thumb Code   172  main.o(i.SystemClock_Config)
    SystemInit                               0x08003069   Thumb Code    66  system_stm32f4xx.o(i.SystemInit)
    TIM_Base_SetConfig                       0x080030bd   Thumb Code   148  stm32f4xx_hal_tim.o(i.TIM_Base_SetConfig)
    TIM_CCxChannelCmd                        0x0800317d   Thumb Code    22  stm32f4xx_hal_tim.o(i.TIM_CCxChannelCmd)
    TIM_OC2_SetConfig                        0x08003201   Thumb Code    90  stm32f4xx_hal_tim.o(i.TIM_OC2_SetConfig)
    Codec::init(__SPI_HandleTypeDef*, __SAI_HandleTypeDef*, __SAI_HandleTypeDef*) 0x080035c1   Thumb Code    58  codec.o(i._ZN5Codec4initEP19__SPI_HandleTypeDefP19__SAI_HandleTypeDefS3_)
    Codec::ramp(unsigned)                    0x08003601   Thumb Code    28  codec.o(i._ZN5Codec4rampEj)
    Codec::start()                           0x08003621   Thumb Code    32  codec.o(i._ZN5Codec5startEv)
    __scatterload_copy                       0x0800364d   Thumb Code    14  handlers.o(i.__scatterload_copy)
    __scatterload_null                       0x0800365b   Thumb Code     2  handlers.o(i.__scatterload_null)
    __scatterload_zeroinit                   0x0800365d   Thumb Code    14  handlers.o(i.__scatterload_zeroinit)
    codec_init                               0x0800366d   Thumb Code   116  cs4272.o(i.codec_init)
    codec_write                              0x080036e9   Thumb Code    68  cs4272.o(i.codec_write)
    loop                                     0x08003735   Thumb Code     4  owl.o(i.loop)
    main                                     0x08003739   Thumb Code   438  main.o(i.main)
    APBAHBPrescTable                         0x08003914   Data          16  stm32f4xx_hal_rcc.o(.constdata)
    Region$$Table$$Base                      0x08003924   Number         0  anon$$obj.o(Region$$Table)
    Region$$Table$$Limit                     0x08003944   Number         0  anon$$obj.o(Region$$Table)
    SystemCoreClock                          0x20000000   Data           4  system_stm32f4xx.o(.data)
    uwTick                                   0x20000004   Data           4  stm32f4xx_hal.o(.data)
    hspi                                     0x20000014   Data           4  cs4272.o(.data)
    hadc_3                                   0x20000018   Data           4  hal_io.o(.data)
    htim_R                                   0x2000001c   Data           4  hal_io.o(.data)
    htim_G                                   0x20000020   Data           4  hal_io.o(.data)
    htim_B                                   0x20000024   Data           4  hal_io.o(.data)
    codec                                    0x20000028   Data           1  owl.o(.data)
    hsai_codecA1                             0x2000002c   Data           4  codec.o(.data)
    hsai_codecB1                             0x20000030   Data           4  codec.o(.data)
    hspi_codec                               0x20000034   Data           4  codec.o(.data)
    SDRAM_Timing                             0x20000038   Data          28  main.o(.bss)
    command                                  0x20000054   Data          16  main.o(.bss)
    hadc3                                    0x20000064   Data          72  main.o(.bss)
    hdma2d                                   0x200000ac   Data          64  main.o(.bss)
    hrng                                     0x200000ec   Data          12  main.o(.bss)
    hsai_BlockA1                             0x200000f8   Data         136  main.o(.bss)
    hsai_BlockB1                             0x20000180   Data         136  main.o(.bss)
    hspi1                                    0x20000208   Data          88  main.o(.bss)
    hspi4                                    0x20000260   Data          88  main.o(.bss)
    hspi5                                    0x200002b8   Data          88  main.o(.bss)
    htim2                                    0x20000310   Data          60  main.o(.bss)
    htim3                                    0x2000034c   Data          60  main.o(.bss)
    htim5                                    0x20000388   Data          60  main.o(.bss)
    huart2                                   0x200003c4   Data          64  main.o(.bss)
    hsdram1                                  0x20000404   Data          52  main.o(.bss)
    hdma_adc3                                0x20000438   Data          96  main.o(.bss)
    hdma_sai1_a                              0x20000498   Data          96  main.o(.bss)
    hdma_sai1_b                              0x200004f8   Data          96  main.o(.bss)
    rgADC_Result                             0x20000558   Data          32  hal_io.o(.bss)
    aTxBuffer                                0x20000578   Data          40  test.o(.bss)
    aRxBuffer                                0x200005a0   Data          40  test.o(.bss)
    __initial_sp                             0x200109c8   Data           0  startup_stm32f427xx.o(STACK)



==============================================================================

Memory Map of the image

  Image Entry point : 0x080001ad

  Load Region LR_IROM1 (Base: 0x08000000, Size: 0x0000397c, Max: 0x00200000, ABSOLUTE)

    Execution Region ER_IROM1 (Base: 0x08000000, Size: 0x00003944, Max: 0x00200000, ABSOLUTE)

    Base Addr    Size         Type   Attr      Idx    E Section Name        Object

    0x08000000   0x000001ac   Data   RO         4549    RESET               startup_stm32f427xx.o
    0x080001ac   0x00000000   Code   RO         4554  * .ARM.Collect$$$$00000000  mc_w.l(entry.o)
    0x080001ac   0x00000004   Code   RO         4561    .ARM.Collect$$$$00000001  mc_w.l(entry2.o)
    0x080001b0   0x00000004   Code   RO         4564    .ARM.Collect$$$$00000004  mc_w.l(entry5.o)
    0x080001b4   0x00000000   Code   RO         4566    .ARM.Collect$$$$00000008  mc_w.l(entry7b.o)
    0x080001b4   0x00000000   Code   RO         4568    .ARM.Collect$$$$0000000A  mc_w.l(entry8b.o)
    0x080001b4   0x00000008   Code   RO         4569    .ARM.Collect$$$$0000000B  mc_w.l(entry9a.o)
    0x080001bc   0x00000000   Code   RO         4571    .ARM.Collect$$$$0000000D  mc_w.l(entry10a.o)
    0x080001bc   0x00000000   Code   RO         4573    .ARM.Collect$$$$0000000F  mc_w.l(entry11a.o)
    0x080001bc   0x00000004   Code   RO         4562    .ARM.Collect$$$$00002712  mc_w.l(entry2.o)
    0x080001c0   0x00000024   Code   RO         4550    .text               startup_stm32f427xx.o
    0x080001e4   0x00000024   Code   RO         4557    .text               mc_w.l(memcpya.o)
    0x08000208   0x00000024   Code   RO         4575    .text               mc_w.l(init.o)
    0x0800022c   0x00000062   Code   RO         3280    i.ADC_DMAConvCplt   stm32f4xx_hal_adc.o
    0x0800028e   0x00000016   Code   RO         3281    i.ADC_DMAError      stm32f4xx_hal_adc.o
    0x080002a4   0x0000000a   Code   RO         3282    i.ADC_DMAHalfConvCplt  stm32f4xx_hal_adc.o
    0x080002ae   0x00000002   PAD
    0x080002b0   0x00000134   Code   RO         3283    i.ADC_Init          stm32f4xx_hal_adc.o
    0x080003e4   0x00000020   Code   RO         4171    i.CV_init           hal_io.o
    0x08000404   0x00000028   Code   RO         4271    i.Codec_setup       owl.o
    0x0800042c   0x0000000c   Code   RO         4065    i.DMA2_Stream0_IRQHandler  stm32f4xx_it.o
    0x08000438   0x000000c0   Code   RO         4066    i.DMA2_Stream1_IRQHandler  stm32f4xx_it.o
    0x080004f8   0x000000bc   Code   RO         4067    i.DMA2_Stream4_IRQHandler  stm32f4xx_it.o
    0x080005b4   0x00000028   Code   RO          521    i.DMA_CalcBaseAndBitshift  stm32f4xx_hal_dma.o
    0x080005dc   0x00000054   Code   RO          522    i.DMA_CheckFifoParam  stm32f4xx_hal_dma.o
    0x08000630   0x00000028   Code   RO          523    i.DMA_SetConfig     stm32f4xx_hal_dma.o
    0x08000658   0x00000002   Code   RO         3828    i.Error_Handler     main.o
    0x0800065a   0x00000050   Code   RO         2663    i.FMC_SDRAM_Init    stm32f4xx_ll_fmc.o
    0x080006aa   0x0000000c   Code   RO         2664    i.FMC_SDRAM_ProgramRefreshRate  stm32f4xx_ll_fmc.o
    0x080006b6   0x00000048   Code   RO         2665    i.FMC_SDRAM_SendCommand  stm32f4xx_ll_fmc.o
    0x080006fe   0x00000002   PAD
    0x08000700   0x00000080   Code   RO         2667    i.FMC_SDRAM_Timing_Init  stm32f4xx_ll_fmc.o
    0x08000780   0x00000154   Code   RO         3285    i.HAL_ADC_ConfigChannel  stm32f4xx_hal_adc.o
    0x080008d4   0x00000002   Code   RO         3286    i.HAL_ADC_ConvCpltCallback  stm32f4xx_hal_adc.o
    0x080008d6   0x00000002   Code   RO         3287    i.HAL_ADC_ConvHalfCpltCallback  stm32f4xx_hal_adc.o
    0x080008d8   0x00000002   Code   RO         3289    i.HAL_ADC_ErrorCallback  stm32f4xx_hal_adc.o
    0x080008da   0x00000054   Code   RO         3294    i.HAL_ADC_Init      stm32f4xx_hal_adc.o
    0x0800092e   0x00000002   PAD
    0x08000930   0x00000090   Code   RO         3932    i.HAL_ADC_MspInit   stm32f4xx_hal_msp.o
    0x080009c0   0x000000b8   Code   RO         3300    i.HAL_ADC_Start     stm32f4xx_hal_adc.o
    0x08000a78   0x000000fc   Code   RO         3301    i.HAL_ADC_Start_DMA  stm32f4xx_hal_adc.o
    0x08000b74   0x000000c4   Code   RO         2179    i.HAL_DMA2D_ConfigLayer  stm32f4xx_hal_dma2d.o
    0x08000c38   0x0000005a   Code   RO         2187    i.HAL_DMA2D_Init    stm32f4xx_hal_dma2d.o
    0x08000c92   0x00000002   PAD
    0x08000c94   0x00000028   Code   RO         3934    i.HAL_DMA2D_MspInit  stm32f4xx_hal_msp.o
    0x08000cbc   0x000001a8   Code   RO          529    i.HAL_DMA_IRQHandler  stm32f4xx_hal_dma.o
    0x08000e64   0x000000d0   Code   RO          530    i.HAL_DMA_Init      stm32f4xx_hal_dma.o
    0x08000f34   0x00000078   Code   RO          534    i.HAL_DMA_Start_IT  stm32f4xx_hal_dma.o
    0x08000fac   0x00000016   Code   RO         3628    i.HAL_Delay         stm32f4xx_hal.o
    0x08000fc2   0x00000002   PAD
    0x08000fc4   0x000000d4   Code   RO         3935    i.HAL_FMC_MspInit   stm32f4xx_hal_msp.o
    0x08001098   0x000001cc   Code   RO         3453    i.HAL_GPIO_Init     stm32f4xx_hal_gpio.o
    0x08001264   0x0000000a   Code   RO         3457    i.HAL_GPIO_WritePin  stm32f4xx_hal_gpio.o
    0x0800126e   0x00000002   PAD
    0x08001270   0x0000000c   Code   RO         3636    i.HAL_GetTick       stm32f4xx_hal.o
    0x0800127c   0x00000010   Code   RO         3637    i.HAL_IncTick       stm32f4xx_hal.o
    0x0800128c   0x00000034   Code   RO         3638    i.HAL_Init          stm32f4xx_hal.o
    0x080012c0   0x00000028   Code   RO         3639    i.HAL_InitTick      stm32f4xx_hal.o
    0x080012e8   0x00000058   Code   RO         3936    i.HAL_MspInit       stm32f4xx_hal_msp.o
    0x08001340   0x00000016   Code   RO          671    i.HAL_NVIC_EnableIRQ  stm32f4xx_hal_cortex.o
    0x08001356   0x00000002   PAD
    0x08001358   0x00000040   Code   RO          677    i.HAL_NVIC_SetPriority  stm32f4xx_hal_cortex.o
    0x08001398   0x00000024   Code   RO          678    i.HAL_NVIC_SetPriorityGrouping  stm32f4xx_hal_cortex.o
    0x080013bc   0x000002b8   Code   RO         2132    i.HAL_RCCEx_PeriphCLKConfig  stm32f4xx_hal_rcc_ex.o
    0x08001674   0x0000017c   Code   RO         1931    i.HAL_RCC_ClockConfig  stm32f4xx_hal_rcc.o
    0x080017f0   0x0000000c   Code   RO         1936    i.HAL_RCC_GetHCLKFreq  stm32f4xx_hal_rcc.o
    0x080017fc   0x00000030   Code   RO         1938    i.HAL_RCC_GetPCLK1Freq  stm32f4xx_hal_rcc.o
    0x0800182c   0x00000030   Code   RO         1939    i.HAL_RCC_GetPCLK2Freq  stm32f4xx_hal_rcc.o
    0x0800185c   0x00000074   Code   RO         1940    i.HAL_RCC_GetSysClockFreq  stm32f4xx_hal_rcc.o
    0x080018d0   0x000002e4   Code   RO         1943    i.HAL_RCC_OscConfig  stm32f4xx_hal_rcc.o
    0x08001bb4   0x0000003e   Code   RO         2043    i.HAL_RNG_Init      stm32f4xx_hal_rng.o
    0x08001bf2   0x00000002   PAD
    0x08001bf4   0x00000028   Code   RO         3938    i.HAL_RNG_MspInit   stm32f4xx_hal_msp.o
    0x08001c1c   0x00000002   Code   RO         4432    i.HAL_SAI_ErrorCallback  codec.o
    0x08001c1e   0x00000002   PAD
    0x08001c20   0x00000164   Code   RO         2908    i.HAL_SAI_Init      stm32f4xx_hal_sai.o
    0x08001d84   0x00000144   Code   RO         3940    i.HAL_SAI_MspInit   stm32f4xx_hal_msp.o
    0x08001ec8   0x000000ac   Code   RO         2913    i.HAL_SAI_Receive_DMA  stm32f4xx_hal_sai.o
    0x08001f74   0x00000002   Code   RO         4433    i.HAL_SAI_RxCpltCallback  codec.o
    0x08001f76   0x00000002   Code   RO         4434    i.HAL_SAI_RxHalfCpltCallback  codec.o
    0x08001f78   0x000000ac   Code   RO         2918    i.HAL_SAI_Transmit_DMA  stm32f4xx_hal_sai.o
    0x08002024   0x00000002   Code   RO         2920    i.HAL_SAI_TxCpltCallback  stm32f4xx_hal_sai.o
    0x08002026   0x00000002   Code   RO         2921    i.HAL_SAI_TxHalfCpltCallback  stm32f4xx_hal_sai.o
    0x08002028   0x00000042   Code   RO          797    i.HAL_SDRAM_Init    stm32f4xx_hal_sdram.o
    0x0800206a   0x00000004   Code   RO         3942    i.HAL_SDRAM_MspInit  stm32f4xx_hal_msp.o
    0x0800206e   0x00000022   Code   RO          800    i.HAL_SDRAM_ProgramRefreshRate  stm32f4xx_hal_sdram.o
    0x08002090   0x00000030   Code   RO          806    i.HAL_SDRAM_SendCommand  stm32f4xx_hal_sdram.o
    0x080020c0   0x00000080   Code   RO         2372    i.HAL_SPI_Init      stm32f4xx_hal_spi.o
    0x08002140   0x000000ac   Code   RO         3944    i.HAL_SPI_MspInit   stm32f4xx_hal_msp.o
    0x080021ec   0x00000168   Code   RO         2380    i.HAL_SPI_Transmit  stm32f4xx_hal_spi.o
    0x08002354   0x00000018   Code   RO          680    i.HAL_SYSTICK_CLKSourceConfig  stm32f4xx_hal_cortex.o
    0x0800236c   0x00000002   Code   RO          681    i.HAL_SYSTICK_Callback  stm32f4xx_hal_cortex.o
    0x0800236e   0x00000028   Code   RO          682    i.HAL_SYSTICK_Config  stm32f4xx_hal_cortex.o
    0x08002396   0x00000008   Code   RO          683    i.HAL_SYSTICK_IRQHandler  stm32f4xx_hal_cortex.o
    0x0800239e   0x00000050   Code   RO          177    i.HAL_TIMEx_MasterConfigSynchronization  stm32f4xx_hal_tim_ex.o
    0x080023ee   0x00000024   Code   RO          188    i.HAL_TIMEx_PWMN_Start  stm32f4xx_hal_tim_ex.o
    0x08002412   0x0000001a   Code   RO         1052    i.HAL_TIM_Base_Start  stm32f4xx_hal_tim.o
    0x0800242c   0x00000064   Code   RO         3945    i.HAL_TIM_MspPostInit  stm32f4xx_hal_msp.o
    0x08002490   0x000000d0   Code   RO         1115    i.HAL_TIM_PWM_ConfigChannel  stm32f4xx_hal_tim.o
    0x08002560   0x00000036   Code   RO         1118    i.HAL_TIM_PWM_Init  stm32f4xx_hal_tim.o
    0x08002596   0x00000002   PAD
    0x08002598   0x00000058   Code   RO         3947    i.HAL_TIM_PWM_MspInit  stm32f4xx_hal_msp.o
    0x080025f0   0x00000038   Code   RO         1122    i.HAL_TIM_PWM_Start  stm32f4xx_hal_tim.o
    0x08002628   0x00000062   Code   RO         1694    i.HAL_UART_Init     stm32f4xx_hal_uart.o
    0x0800268a   0x00000002   PAD
    0x0800268c   0x00000058   Code   RO         3949    i.HAL_UART_MspInit  stm32f4xx_hal_msp.o
    0x080026e4   0x00000090   Code   RO         3829    i.MX_ADC3_Init      main.o
    0x08002774   0x00000060   Code   RO         3830    i.MX_FMC_Init       main.o
    0x080027d4   0x0000010c   Code   RO         3831    i.MX_GPIO_Init      main.o
    0x080028e0   0x00000084   Code   RO         3832    i.MX_SAI1_Init      main.o
    0x08002964   0x00000040   Code   RO         3833    i.MX_SPI1_Init      main.o
    0x080029a4   0x00000040   Code   RO         3834    i.MX_SPI4_Init      main.o
    0x080029e4   0x00000040   Code   RO         3835    i.MX_SPI5_Init      main.o
    0x08002a24   0x0000005c   Code   RO         3836    i.MX_TIM2_Init      main.o
    0x08002a80   0x0000005c   Code   RO         3837    i.MX_TIM3_Init      main.o
    0x08002adc   0x0000005c   Code   RO         3838    i.MX_TIM5_Init      main.o
    0x08002b38   0x00000020   Code   RO          684    i.NVIC_SetPriority  stm32f4xx_hal_cortex.o
    0x08002b58   0x00000016   Code   RO         4238    i.OWLtest           test.o
    0x08002b6e   0x00000002   Code   RO         4068    i.PendSV_Handler    stm32f4xx_it.o
    0x08002b70   0x0000001c   Code   RO         4172    i.RGB_Update        hal_io.o
    0x08002b8c   0x00000054   Code   RO         4173    i.RGB_init          hal_io.o
    0x08002be0   0x00000020   Code   RO         3780    i.SAI_BlockSynchroConfig  stm32f4xx_hal_sai_ex.o
    0x08002c00   0x00000044   Code   RO         2923    i.SAI_DMAError      stm32f4xx_hal_sai.o
    0x08002c44   0x0000003c   Code   RO         2924    i.SAI_DMARxCplt     stm32f4xx_hal_sai.o
    0x08002c80   0x0000000a   Code   RO         2925    i.SAI_DMARxHalfCplt  stm32f4xx_hal_sai.o
    0x08002c8a   0x0000003c   Code   RO         2926    i.SAI_DMATxCplt     stm32f4xx_hal_sai.o
    0x08002cc6   0x0000000a   Code   RO         2927    i.SAI_DMATxHalfCplt  stm32f4xx_hal_sai.o
    0x08002cd0   0x00000040   Code   RO         2928    i.SAI_Disable       stm32f4xx_hal_sai.o
    0x08002d10   0x000000b0   Code   RO         3781    i.SAI_GetInputClock  stm32f4xx_hal_sai_ex.o
    0x08002dc0   0x00000030   Code   RO         2932    i.SAI_InterruptFlag  stm32f4xx_hal_sai.o
    0x08002df0   0x00000078   Code   RO         3839    i.SDRAM_Initialization_Sequence  main.o
    0x08002e68   0x00000084   Code   RO         4239    i.SDRAM_Test        test.o
    0x08002eec   0x00000020   Code   RO         2394    i.SPI_CheckFlag_BSY  stm32f4xx_hal_spi.o
    0x08002f0c   0x00000096   Code   RO         2410    i.SPI_WaitFlagStateUntilTimeout  stm32f4xx_hal_spi.o
    0x08002fa2   0x00000002   Code   RO         4069    i.SVC_Handler       stm32f4xx_it.o
    0x08002fa4   0x0000000e   Code   RO         4070    i.SysTick_Handler   stm32f4xx_it.o
    0x08002fb2   0x00000002   PAD
    0x08002fb4   0x000000b4   Code   RO         3840    i.SystemClock_Config  main.o
    0x08003068   0x00000054   Code   RO            5    i.SystemInit        system_stm32f4xx.o
    0x080030bc   0x000000c0   Code   RO         1133    i.TIM_Base_SetConfig  stm32f4xx_hal_tim.o
    0x0800317c   0x00000016   Code   RO         1134    i.TIM_CCxChannelCmd  stm32f4xx_hal_tim.o
    0x08003192   0x00000016   Code   RO          196    i.TIM_CCxNChannelCmd  stm32f4xx_hal_tim_ex.o
    0x080031a8   0x00000058   Code   RO         1142    i.TIM_OC1_SetConfig  stm32f4xx_hal_tim.o
    0x08003200   0x00000064   Code   RO         1143    i.TIM_OC2_SetConfig  stm32f4xx_hal_tim.o
    0x08003264   0x00000060   Code   RO         1144    i.TIM_OC3_SetConfig  stm32f4xx_hal_tim.o
    0x080032c4   0x00000050   Code   RO         1145    i.TIM_OC4_SetConfig  stm32f4xx_hal_tim.o
    0x08003314   0x000002ac   Code   RO         1716    i.UART_SetConfig    stm32f4xx_hal_uart.o
    0x080035c0   0x00000040   Code   RO         4436    i._ZN5Codec4initEP19__SPI_HandleTypeDefP19__SAI_HandleTypeDefS3_  codec.o
    0x08003600   0x00000020   Code   RO         4437    i._ZN5Codec4rampEj  codec.o
    0x08003620   0x0000002c   Code   RO         4442    i._ZN5Codec5startEv  codec.o
    0x0800364c   0x0000000e   Code   RO         4579    i.__scatterload_copy  mc_w.l(handlers.o)
    0x0800365a   0x00000002   Code   RO         4580    i.__scatterload_null  mc_w.l(handlers.o)
    0x0800365c   0x0000000e   Code   RO         4581    i.__scatterload_zeroinit  mc_w.l(handlers.o)
    0x0800366a   0x00000002   PAD
    0x0800366c   0x0000007c   Code   RO         4125    i.codec_init        cs4272.o
    0x080036e8   0x0000004c   Code   RO         4126    i.codec_write       cs4272.o
    0x08003734   0x00000004   Code   RO         4272    i.loop              owl.o
    0x08003738   0x000001d4   Code   RO         3841    i.main              main.o
    0x0800390c   0x00000008   Data   RO          536    .constdata          stm32f4xx_hal_dma.o
    0x08003914   0x00000010   Data   RO         1944    .constdata          stm32f4xx_hal_rcc.o
    0x08003924   0x00000020   Data   RO         4577    Region$$Table       anon$$obj.o


    Execution Region RW_IRAM1 (Base: 0x20000000, Size: 0x000109c8, Max: 0x00030000, ABSOLUTE)

    Base Addr    Size         Type   Attr      Idx    E Section Name        Object

    0x20000000   0x00000004   Data   RW            7    .data               system_stm32f4xx.o
    0x20000004   0x00000004   Data   RW         3644    .data               stm32f4xx_hal.o
    0x20000008   0x0000000c   Data   RW         3950    .data               stm32f4xx_hal_msp.o
    0x20000014   0x00000004   Data   RW         4127    .data               cs4272.o
    0x20000018   0x00000010   Data   RW         4179    .data               hal_io.o
    0x20000028   0x00000001   Data   RW         4275    .data               owl.o
    0x20000029   0x00000003   PAD
    0x2000002c   0x0000000c   Data   RW         4463    .data               codec.o
    0x20000038   0x00000400   Zero   RW         3842    .bss                main.o
    0x20000438   0x00000060   Zero   RW         3843    .bss                main.o
    0x20000498   0x00000060   Zero   RW         3844    .bss                main.o
    0x200004f8   0x00000060   Zero   RW         3845    .bss                main.o
    0x20000558   0x00000020   Zero   RW         4178    .bss                hal_io.o
    0x20000578   0x00000050   Zero   RW         4240    .bss                test.o
    0x200005c8   0x00010000   Zero   RW         4462    .bss                codec.o
    0x200105c8   0x00000400   Zero   RW         4547    STACK               startup_stm32f427xx.o


==============================================================================

Image component sizes


      Code (inc. data)   RO Data    RW Data    ZI Data      Debug   Object Name

       146         22          0         12      65536       4509   codec.o
       200         16          0          4          0       2386   cs4272.o
       144         18          0         16         32       2661   hal_io.o
      1878        130          0          0       1312      11680   main.o
        44          6          0          1          0     247861   owl.o
        36          8        428          0       1024        868   startup_stm32f427xx.o
       142         22          0          4          0       4651   stm32f4xx_hal.o
      1304         62          0          0          0       8809   stm32f4xx_hal_adc.o
       228         14          0          0          0      32725   stm32f4xx_hal_cortex.o
       916         22          8          0          0       6291   stm32f4xx_hal_dma.o
       286          4          0          0          0       3053   stm32f4xx_hal_dma2d.o
       470         52          0          0          0       2728   stm32f4xx_hal_gpio.o
      1300        186          0         12          0       8873   stm32f4xx_hal_msp.o
      1344         80         16          0          0       6423   stm32f4xx_hal_rcc.o
       696         36          0          0          0       1720   stm32f4xx_hal_rcc_ex.o
        62          0          0          0          0       1235   stm32f4xx_hal_rng.o
      1024         44          0          0          0       9618   stm32f4xx_hal_sai.o
       208         30          0          0          0       2093   stm32f4xx_hal_sai_ex.o
       148          0          0          0          0       2976   stm32f4xx_hal_sdram.o
       670          0          0          0          0       4418   stm32f4xx_hal_spi.o
       922         88          0          0          0       9225   stm32f4xx_hal_tim.o
       138          0          0          0          0       2847   stm32f4xx_hal_tim_ex.o
       782          8          0          0          0       2244   stm32f4xx_hal_uart.o
       410         38          0          0          0       3543   stm32f4xx_it.o
       292          4          0          0          0       3824   stm32f4xx_ll_fmc.o
        84         18          0          4          0     399585   system_stm32f4xx.o
       154         10          0          0         80       2313   test.o

    ----------------------------------------------------------------------
     14052        918        484         56      67984     789159   Object Totals
         0          0         32          0          0          0   (incl. Generated)
        24          0          0          3          0          0   (incl. Padding)

    ----------------------------------------------------------------------

      Code (inc. data)   RO Data    RW Data    ZI Data      Debug   Library Member Name

         0          0          0          0          0          0   entry.o
         0          0          0          0          0          0   entry10a.o
         0          0          0          0          0          0   entry11a.o
         8          4          0          0          0          0   entry2.o
         4          0          0          0          0          0   entry5.o
         0          0          0          0          0          0   entry7b.o
         0          0          0          0          0          0   entry8b.o
         8          4          0          0          0          0   entry9a.o
        30          0          0          0          0          0   handlers.o
        36          8          0          0          0         68   init.o
        36          0          0          0          0         68   memcpya.o

    ----------------------------------------------------------------------
       124         16          0          0          0        136   Library Totals
         2          0          0          0          0          0   (incl. Padding)

    ----------------------------------------------------------------------

      Code (inc. data)   RO Data    RW Data    ZI Data      Debug   Library Name

       122         16          0          0          0        136   mc_w.l

    ----------------------------------------------------------------------
       124         16          0          0          0        136   Library Totals

    ----------------------------------------------------------------------

==============================================================================


      Code (inc. data)   RO Data    RW Data    ZI Data      Debug   

     14176        934        484         56      67984     777399   Grand Totals
     14176        934        484         56      67984     777399   ELF Image Totals
     14176        934        484         56          0          0   ROM Totals

==============================================================================

    Total RO  Size (Code + RO Data)                14660 (  14.32kB)
    Total RW  Size (RW Data + ZI Data)             68040 (  66.45kB)
    Total ROM Size (Code + RO Data + RW Data)      14716 (  14.37kB)

==============================================================================

